Component: ARM Compiler 5.06 update 7 (build 960) Tool: armlink [4d3601]

==============================================================================

Section Cross References

    system_stm32f4xx.o(i.SystemCoreClockUpdate) refers to system_stm32f4xx.o(.data) for SystemCoreClock
    system_stm32f4xx.o(i.SystemInit) refers to system_stm32f4xx.o(i.SetSysClock) for SetSysClock
    main.o(i.Task_ControlLogic) refers to tasks.o(i.xTaskGetTickCount) for xTaskGetTickCount
    main.o(i.Task_ControlLogic) refers to queue.o(i.xQueueSemaphoreTake) for xQueueSemaphoreTake
    main.o(i.Task_ControlLogic) refers to printfa.o(i.__0printf) for __2printf
    main.o(i.Task_ControlLogic) refers to eeprom_1.o(i.EEPROM_Save_Threshold) for EEPROM_Save_Threshold
    main.o(i.Task_ControlLogic) refers to eeprom_1.o(i.EEPROM_Load_Threshold) for EEPROM_Load_Threshold
    main.o(i.Task_ControlLogic) refers to queue.o(i.xQueueGenericSend) for xQueueGenericSend
    main.o(i.Task_ControlLogic) refers to steering_gear_1.o(i.SG_turn) for SG_turn
    main.o(i.Task_ControlLogic) refers to water_1.o(i.Water_ration) for Water_ration
    main.o(i.Task_ControlLogic) refers to fan_1.o(i.FAN_turn_left) for FAN_turn_left
    main.o(i.Task_ControlLogic) refers to fan_1.o(i.FAN_brake) for FAN_brake
    main.o(i.Task_ControlLogic) refers to tasks.o(i.xTaskDelayUntil) for xTaskDelayUntil
    main.o(i.Task_ControlLogic) refers to main.o(.data) for xDataMutex
    main.o(i.Task_ControlLogic) refers to tim7_1.o(.data) for Set_Threshold
    main.o(i.Task_ControlLogic) refers to tim6.o(.data) for current_alarm
    main.o(i.Task_ControlLogic) refers to usart_1.o(.data) for stranger_detected
    main.o(i.Task_Display) refers to tasks.o(i.xTaskGetTickCount) for xTaskGetTickCount
    main.o(i.Task_Display) refers to queue.o(i.xQueueSemaphoreTake) for xQueueSemaphoreTake
    main.o(i.Task_Display) refers to oled_1.o(i.OLED_ShowStr_8x8) for OLED_ShowStr_8x8
    main.o(i.Task_Display) refers to rtc_1.o(i.RTC_Show_Time) for RTC_Show_Time
    main.o(i.Task_Display) refers to oled_1.o(i.OLED_ShowStr_5x8) for OLED_ShowStr_5x8
    main.o(i.Task_Display) refers to oled_1.o(i.OLED_ClearArea_Gram) for OLED_ClearArea_Gram
    main.o(i.Task_Display) refers to f2d.o(.text) for __aeabi_f2d
    main.o(i.Task_Display) refers to printfa.o(i.__0snprintf) for __2snprintf
    main.o(i.Task_Display) refers to tim6.o(i.Get_RGB_Color_Name) for Get_RGB_Color_Name
    main.o(i.Task_Display) refers to queue.o(i.xQueueGenericSend) for xQueueGenericSend
    main.o(i.Task_Display) refers to oled_1.o(i.OLED_Refresh_Gram) for OLED_Refresh_Gram
    main.o(i.Task_Display) refers to tasks.o(i.xTaskDelayUntil) for xTaskDelayUntil
    main.o(i.Task_Display) refers to main.o(.data) for xDataMutex
    main.o(i.Task_Display) refers to esp8266.o(.data) for g_rtc_synced
    main.o(i.Task_Display) refers to rtc_1.o(.bss) for show_ST
    main.o(i.Task_Display) refers to tim7_1.o(.data) for Set_Threshold
    main.o(i.Task_Display) refers to usart_1.o(.data) for stranger_detected
    main.o(i.Task_Display) refers to tim6.o(.data) for current_alarm
    main.o(i.Task_Network) refers to tasks.o(i.vTaskDelay) for vTaskDelay
    main.o(i.Task_Network) refers to esp8266.o(i.ESP8266_Init) for ESP8266_Init
    main.o(i.Task_Network) refers to tasks.o(i.xTaskGetTickCount) for xTaskGetTickCount
    main.o(i.Task_Network) refers to usart_1.o(i.Usart_SendString) for Usart_SendString
    main.o(i.Task_Network) refers to esp8266.o(i.ESP8266_Sync_RTC_Time) for ESP8266_Sync_RTC_Time
    main.o(i.Task_Network) refers to esp8266.o(i.ESP8266_SendCmd) for ESP8266_SendCmd
    main.o(i.Task_Network) refers to queue.o(i.xQueueSemaphoreTake) for xQueueSemaphoreTake
    main.o(i.Task_Network) refers to queue.o(i.xQueueGenericSend) for xQueueGenericSend
    main.o(i.Task_Network) refers to mqtt.o(i.MQTT_PublicTopic) for MQTT_PublicTopic
    main.o(i.Task_Network) refers to printfa.o(i.__0printf) for __2printf
    main.o(i.Task_Network) refers to tasks.o(i.xTaskDelayUntil) for xTaskDelayUntil
    main.o(i.Task_Network) refers to rtc_1.o(.data) for g_need_sntp_sync
    main.o(i.Task_Network) refers to main.o(.data) for xDataMutex
    main.o(i.Task_Network) refers to tim6.o(.data) for current_alarm
    main.o(i.Task_Network) refers to usart_1.o(.data) for stranger_detected
    main.o(i.Task_SensorRead) refers to tasks.o(i.xTaskGetTickCount) for xTaskGetTickCount
    main.o(i.Task_SensorRead) refers to dht11.o(i.DHT11_Read_Data) for DHT11_Read_Data
    main.o(i.Task_SensorRead) refers to ir_1.o(i.IR_Get_Fire) for IR_Get_Fire
    main.o(i.Task_SensorRead) refers to mq2_1.o(i.MQ2_Get_Per) for MQ2_Get_Per
    main.o(i.Task_SensorRead) refers to queue.o(i.xQueueSemaphoreTake) for xQueueSemaphoreTake
    main.o(i.Task_SensorRead) refers to queue.o(i.xQueueGenericSend) for xQueueGenericSend
    main.o(i.Task_SensorRead) refers to tasks.o(i.xTaskDelayUntil) for xTaskDelayUntil
[...]
    _printf_o                                0x00000000   Number         0  stubs.o ABSOLUTE
    _printf_p                                0x00000000   Number         0  stubs.o ABSOLUTE
    _printf_percent                          0x00000000   Number         0  stubs.o ABSOLUTE
    _printf_pre_padding                      0x00000000   Number         0  stubs.o ABSOLUTE
    _printf_return_value                     0x00000000   Number         0  stubs.o ABSOLUTE
    _printf_s                                0x00000000   Number         0  stubs.o ABSOLUTE
    _printf_sizespec                         0x00000000   Number         0  stubs.o ABSOLUTE
    _printf_str                              0x00000000   Number         0  stubs.o ABSOLUTE
    _printf_truncate_signed                  0x00000000   Number         0  stubs.o ABSOLUTE
    _printf_truncate_unsigned                0x00000000   Number         0  stubs.o ABSOLUTE
    _printf_u                                0x00000000   Number         0  stubs.o ABSOLUTE
    _printf_wc                               0x00000000   Number         0  stubs.o ABSOLUTE
    _printf_wctomb                           0x00000000   Number         0  stubs.o ABSOLUTE
    _printf_widthprec                        0x00000000   Number         0  stubs.o ABSOLUTE
    _printf_x                                0x00000000   Number         0  stubs.o ABSOLUTE
    __arm_fini_                               - Undefined Weak Reference
    __cpp_initialize__aeabi_                  - Undefined Weak Reference
    __cxa_finalize                            - Undefined Weak Reference
    _clock_init                               - Undefined Weak Reference
    _microlib_exit                            - Undefined Weak Reference
    _scanf_longlong                           - Undefined Weak Reference
    _scanf_real                               - Undefined Weak Reference
    __Vectors_Size                           0x00000188   Number         0  startup_stm32f40xx.o ABSOLUTE
    __Vectors                                0x08000000   Data           4  startup_stm32f40xx.o(RESET)
    __Vectors_End                            0x08000188   Data           0  startup_stm32f40xx.o(RESET)
    __main                                   0x08000189   Thumb Code     0  entry.o(.ARM.Collect$$$$00000000)
    _main_stk                                0x08000189   Thumb Code     0  entry2.o(.ARM.Collect$$$$00000001)
    _main_scatterload                        0x0800018d   Thumb Code     0  entry5.o(.ARM.Collect$$$$00000004)
    __main_after_scatterload                 0x08000191   Thumb Code     0  entry5.o(.ARM.Collect$$$$00000004)
    _main_clock                              0x08000191   Thumb Code     0  entry7b.o(.ARM.Collect$$$$00000008)
    _main_cpp_init                           0x08000191   Thumb Code     0  entry8b.o(.ARM.Collect$$$$0000000A)
    _main_init                               0x08000191   Thumb Code     0  entry9a.o(.ARM.Collect$$$$0000000B)
    __rt_lib_shutdown_fini                   0x08000199   Thumb Code     0  entry12b.o(.ARM.Collect$$$$0000000E)
    __rt_final_cpp                           0x0800019d   Thumb Code     0  entry10a.o(.ARM.Collect$$$$0000000F)
    __rt_final_exit                          0x0800019d   Thumb Code     0  entry11a.o(.ARM.Collect$$$$00000011)
    SVC_Handler                              0x080001a1   Thumb Code    28  port.o(.emb_text)
    __asm___6_port_c_39a90d8d__prvStartFirstTask 0x080001c1   Thumb Code    36  port.o(.emb_text)
    __asm___6_port_c_39a90d8d__prvEnableVFP  0x080001e9   Thumb Code    16  port.o(.emb_text)
    PendSV_Handler                           0x080001fd   Thumb Code    88  port.o(.emb_text)
    vPortGetIPSR                             0x08000259   Thumb Code     6  port.o(.emb_text)
    Reset_Handler                            0x08000261   Thumb Code     8  startup_stm32f40xx.o(.text)
    ADC_IRQHandler                           0x0800027b   Thumb Code     0  startup_stm32f40xx.o(.text)
    CAN1_RX0_IRQHandler                      0x0800027b   Thumb Code     0  startup_stm32f40xx.o(.text)
    CAN1_RX1_IRQHandler                      0x0800027b   Thumb Code     0  startup_stm32f40xx.o(.text)
    CAN1_SCE_IRQHandler                      0x0800027b   Thumb Code     0  startup_stm32f40xx.o(.text)
    CAN1_TX_IRQHandler                       0x0800027b   Thumb Code     0  startup_stm32f40xx.o(.text)
    CAN2_RX0_IRQHandler                      0x0800027b   Thumb Code     0  startup_stm32f40xx.o(.text)
    CAN2_RX1_IRQHandler                      0x0800027b   Thumb Code     0  startup_stm32f40xx.o(.text)
    CAN2_SCE_IRQHandler                      0x0800027b   Thumb Code     0  startup_stm32f40xx.o(.text)
    CAN2_TX_IRQHandler                       0x0800027b   Thumb Code     0  startup_stm32f40xx.o(.text)
    CRYP_IRQHandler                          0x0800027b   Thumb Code     0  startup_stm32f40xx.o(.text)
    DCMI_IRQHandler                          0x0800027b   Thumb Code     0  startup_stm32f40xx.o(.text)
    DMA1_Stream0_IRQHandler                  0x0800027b   Thumb Code     0  startup_stm32f40xx.o(.text)
    DMA1_Stream1_IRQHandler                  0x0800027b   Thumb Code     0  startup_stm32f40xx.o(.text)
    DMA1_Stream2_IRQHandler                  0x0800027b   Thumb Code     0  startup_stm32f40xx.o(.text)
    DMA1_Stream3_IRQHandler                  0x0800027b   Thumb Code     0  startup_stm32f40xx.o(.text)
    DMA1_Stream4_IRQHandler                  0x0800027b   Thumb Code     0  startup_stm32f40xx.o(.text)
    DMA1_Stream5_IRQHandler                  0x0800027b   Thumb Code     0  startup_stm32f40xx.o(.text)
    DMA1_Stream6_IRQHandler                  0x0800027b   Thumb Code     0  startup_stm32f40xx.o(.text)
    DMA1_Stream7_IRQHandler                  0x0800027b   Thumb Code     0  startup_stm32f40xx.o(.text)
    DMA2_Stream0_IRQHandler                  0x0800027b   Thumb Code     0  startup_stm32f40xx.o(.text)
    DMA2_Stream1_IRQHandler                  0x0800027b   Thumb Code     0  startup_stm32f40xx.o(.text)
    DMA2_Stream2_IRQHandler                  0x0800027b   Thumb Code     0  startup_stm32f40xx.o(.text)
    DMA2_Stream3_IRQHandler                  0x0800027b   Thumb Code     0  startup_stm32f40xx.o(.text)
    DMA2_Stream4_IRQHandler                  0x0800027b   Thumb Code     0  startup_stm32f40xx.o(.text)
    DMA2_Stream5_IRQHandler                  0x0800027b   Thumb Code     0  startup_stm32f40xx.o(.text)
    DMA2_Stream6_IRQHandler                  0x0800027b   Thumb Code     0  startup_stm32f40xx.o(.text)
    ETH_IRQHandler                           0x0800027b   Thumb Code     0  startup_stm32f40xx.o(.text)
    ETH_WKUP_IRQHandler                      0x0800027b   Thumb Code     0  startup_stm32f40xx.o(.text)
    EXTI0_IRQHandler                         0x0800027b   Thumb Code     0  startup_stm32f40xx.o(.text)
    EXTI15_10_IRQHandler                     0x0800027b   Thumb Code     0  startup_stm32f40xx.o(.text)
    EXTI1_IRQHandler                         0x0800027b   Thumb Code     0  startup_stm32f40xx.o(.text)
    FLASH_IRQHandler                         0x0800027b   Thumb Code     0  startup_stm32f40xx.o(.text)
    FPU_IRQHandler                           0x0800027b   Thumb Code     0  startup_stm32f40xx.o(.text)
    FSMC_IRQHandler                          0x0800027b   Thumb Code     0  startup_stm32f40xx.o(.text)
    HASH_RNG_IRQHandler                      0x0800027b   Thumb Code     0  startup_stm32f40xx.o(.text)
    I2C1_ER_IRQHandler                       0x0800027b   Thumb Code     0  startup_stm32f40xx.o(.text)
    I2C1_EV_IRQHandler                       0x0800027b   Thumb Code     0  startup_stm32f40xx.o(.text)
    I2C2_ER_IRQHandler                       0x0800027b   Thumb Code     0  startup_stm32f40xx.o(.text)
    I2C2_EV_IRQHandler                       0x0800027b   Thumb Code     0  startup_stm32f40xx.o(.text)
    I2C3_ER_IRQHandler                       0x0800027b   Thumb Code     0  startup_stm32f40xx.o(.text)
    I2C3_EV_IRQHandler                       0x0800027b   Thumb Code     0  startup_stm32f40xx.o(.text)
    OTG_FS_IRQHandler                        0x0800027b   Thumb Code     0  startup_stm32f40xx.o(.text)
    OTG_FS_WKUP_IRQHandler                   0x0800027b   Thumb Code     0  startup_stm32f40xx.o(.text)
    OTG_HS_EP1_IN_IRQHandler                 0x0800027b   Thumb Code     0  startup_stm32f40xx.o(.text)
    OTG_HS_EP1_OUT_IRQHandler                0x0800027b   Thumb Code     0  startup_stm32f40xx.o(.text)
    OTG_HS_IRQHandler                        0x0800027b   Thumb Code     0  startup_stm32f40xx.o(.text)
    OTG_HS_WKUP_IRQHandler                   0x0800027b   Thumb Code     0  startup_stm32f40xx.o(.text)
    PVD_IRQHandler                           0x0800027b   Thumb Code     0  startup_stm32f40xx.o(.text)
    RCC_IRQHandler                           0x0800027b   Thumb Code     0  startup_stm32f40xx.o(.text)
    SDIO_IRQHandler                          0x0800027b   Thumb Code     0  startup_stm32f40xx.o(.text)
    SPI1_IRQHandler                          0x0800027b   Thumb Code     0  startup_stm32f40xx.o(.text)
    SPI2_IRQHandler                          0x0800027b   Thumb Code     0  startup_stm32f40xx.o(.text)
    SPI3_IRQHandler                          0x0800027b   Thumb Code     0  startup_stm32f40xx.o(.text)
    TAMP_STAMP_IRQHandler                    0x0800027b   Thumb Code     0  startup_stm32f40xx.o(.text)
    TIM1_BRK_TIM9_IRQHandler                 0x0800027b   Thumb Code     0  startup_stm32f40xx.o(.text)
    TIM1_CC_IRQHandler                       0x0800027b   Thumb Code     0  startup_stm32f40xx.o(.text)
    TIM1_TRG_COM_TIM11_IRQHandler            0x0800027b   Thumb Code     0  startup_stm32f40xx.o(.text)
    TIM1_UP_TIM10_IRQHandler                 0x0800027b   Thumb Code     0  startup_stm32f40xx.o(.text)
    TIM2_IRQHandler                          0x0800027b   Thumb Code     0  startup_stm32f40xx.o(.text)
    TIM3_IRQHandler                          0x0800027b   Thumb Code     0  startup_stm32f40xx.o(.text)
    TIM4_IRQHandler                          0x0800027b   Thumb Code     0  startup_stm32f40xx.o(.text)
    TIM5_IRQHandler                          0x0800027b   Thumb Code     0  startup_stm32f40xx.o(.text)
    TIM8_BRK_TIM12_IRQHandler                0x0800027b   Thumb Code     0  startup_stm32f40xx.o(.text)
    TIM8_CC_IRQHandler                       0x0800027b   Thumb Code     0  startup_stm32f40xx.o(.text)
    TIM8_TRG_COM_TIM14_IRQHandler            0x0800027b   Thumb Code     0  startup_stm32f40xx.o(.text)
    TIM8_UP_TIM13_IRQHandler                 0x0800027b   Thumb Code     0  startup_stm32f40xx.o(.text)
    UART4_IRQHandler                         0x0800027b   Thumb Code     0  startup_stm32f40xx.o(.text)
    UART5_IRQHandler                         0x0800027b   Thumb Code     0  startup_stm32f40xx.o(.text)
    USART6_IRQHandler                        0x0800027b   Thumb Code     0  startup_stm32f40xx.o(.text)
    WWDG_IRQHandler                          0x0800027b   Thumb Code     0  startup_stm32f40xx.o(.text)
    qsort                                    0x08000285   Thumb Code   156  qsort.o(.text)
    __aeabi_memcpy                           0x08000321   Thumb Code    36  memcpya.o(.text)
    __aeabi_memcpy4                          0x08000321   Thumb Code     0  memcpya.o(.text)
    __aeabi_memcpy8                          0x08000321   Thumb Code     0  memcpya.o(.text)
    __aeabi_memset                           0x08000345   Thumb Code    14  memseta.o(.text)
    __aeabi_memset4                          0x08000345   Thumb Code     0  memseta.o(.text)
    __aeabi_memset8                          0x08000345   Thumb Code     0  memseta.o(.text)
    __aeabi_memclr                           0x08000353   Thumb Code     4  memseta.o(.text)
    __aeabi_memclr4                          0x08000353   Thumb Code     0  memseta.o(.text)
    __aeabi_memclr8                          0x08000353   Thumb Code     0  memseta.o(.text)
    memset                                   0x08000357   Thumb Code    18  memseta.o(.text)
    strstr                                   0x08000369   Thumb Code    36  strstr.o(.text)
    strlen                                   0x0800038d   Thumb Code    14  strlen.o(.text)
    strcmp                                   0x0800039b   Thumb Code    28  strcmp.o(.text)
    __0sscanf                                0x080003b9   Thumb Code    48  __0sscanf.o(.text)
    _scanf_int                               0x080003f1   Thumb Code   332  _scanf_int.o(.text)
    _scanf_string                            0x0800053d   Thumb Code   224  _scanf_str.o(.text)
    __aeabi_f2d                              0x0800061d   Thumb Code    38  f2d.o(.text)
    __aeabi_uidiv                            0x08000643   Thumb Code     0  uidiv.o(.text)
    __aeabi_uidivmod                         0x08000643   Thumb Code    44  uidiv.o(.text)
    __aeabi_uldivmod                         0x0800066f   Thumb Code    98  uldiv.o(.text)
    _chval                                   0x080006d1   Thumb Code    28  _chval.o(.text)
    __vfscanf_char                           0x080006f9   Thumb Code    20  scanf_char.o(.text)
    _sgetc                                   0x08000715   Thumb Code    30  _sgetc.o(.text)
    _sbackspace                              0x08000733   Thumb Code    34  _sgetc.o(.text)
    __I$use$fp                               0x08000755   Thumb Code     0  iusefp.o(.text)
    __aeabi_dadd                             0x08000755   Thumb Code   322  dadd.o(.text)
    __aeabi_dsub                             0x08000897   Thumb Code     6  dadd.o(.text)
    __aeabi_drsub                            0x0800089d   Thumb Code     6  dadd.o(.text)
    __aeabi_dmul                             0x080008a3   Thumb Code   228  dmul.o(.text)
    __aeabi_ddiv                             0x08000987   Thumb Code   222  ddiv.o(.text)
    __aeabi_d2ulz                            0x08000a65   Thumb Code    48  dfixul.o(.text)
    __aeabi_cdrcmple                         0x08000a95   Thumb Code    48  cdrcmple.o(.text)
    __scatterload                            0x08000ac5   Thumb Code    28  init.o(.text)
    __scatterload_rt2                        0x08000ac5   Thumb Code     0  init.o(.text)
    __aeabi_llsl                             0x08000ae9   Thumb Code    30  llshl.o(.text)
    _ll_shift_l                              0x08000ae9   Thumb Code     0  llshl.o(.text)
    __aeabi_llsr                             0x08000b07   Thumb Code    32  llushr.o(.text)
    _ll_ushift_r                             0x08000b07   Thumb Code     0  llushr.o(.text)
    __aeabi_lasr                             0x08000b27   Thumb Code    36  llsshr.o(.text)
    _ll_sshift_r                             0x08000b27   Thumb Code     0  llsshr.o(.text)
    isspace                                  0x08000b4b   Thumb Code    10  isspace_c.o(.text)
    __vfscanf                                0x08000b55   Thumb Code   810  _scanf.o(.text)
    _double_round                            0x08000e85   Thumb Code    30  depilogue.o(.text)
    _double_epilogue                         0x08000ea3   Thumb Code   156  depilogue.o(.text)
    __ctype_lookup                           0x08000f41   Thumb Code    34  ctype_c.o(.text)
    __decompress                             0x08000f69   Thumb Code     0  __dczerorl2.o(.text)
    __decompress1                            0x08000f69   Thumb Code    86  __dczerorl2.o(.text)
    ADC_Cmd                                  0x08000fbf   Thumb Code    22  stm32f4xx_adc.o(i.ADC_Cmd)
    ADC_GetConversionValue                   0x08000fd5   Thumb Code     8  stm32f4xx_adc.o(i.ADC_GetConversionValue)
    ADC_GetFlagStatus                        0x08000fdd   Thumb Code    18  stm32f4xx_adc.o(i.ADC_GetFlagStatus)
    ADC_Init                                 0x08000ff1   Thumb Code    74  stm32f4xx_adc.o(i.ADC_Init)
    ADC_RegularChannelConfig                 0x08001045   Thumb Code   184  stm32f4xx_adc.o(i.ADC_RegularChannelConfig)
    ADC_SoftwareStartConv                    0x080010fd   Thumb Code    10  stm32f4xx_adc.o(i.ADC_SoftwareStartConv)
    BEEP_SetFrequency                        0x08001109   Thumb Code    52  beep.o(i.BEEP_SetFrequency)
    BEEP_config                              0x08001141   Thumb Code   174  beep.o(i.BEEP_config)
    BusFault_Handler                         0x080011f5   Thumb Code     4  stm32f4xx_it.o(i.BusFault_Handler)
    DHT11_Back                               0x0800120d   Thumb Code   100  dht11.o(i.DHT11_Back)
    DHT11_Get                                0x080012c9   Thumb Code   120  dht11.o(i.DHT11_Get)
    DHT11_Input_Mode                         0x08001341   Thumb Code    30  dht11.o(i.DHT11_Input_Mode)
    DHT11_Output_Mode                        0x08001365   Thumb Code    50  dht11.o(i.DHT11_Output_Mode)
    DHT11_Read                               0x0800139d   Thumb Code    14  dht11.o(i.DHT11_Read)
    DHT11_Read_Data                          0x080013b1   Thumb Code   220  dht11.o(i.DHT11_Read_Data)
    DHT11_Set                                0x08001499   Thumb Code    30  dht11.o(i.DHT11_Set)
    DHT11_Start                              0x080014bd   Thumb Code    34  dht11.o(i.DHT11_Start)
    DMA2_Stream7_IRQHandler                  0x080014e1   Thumb Code    30  dma_1.o(i.DMA2_Stream7_IRQHandler)
    DMA_ClearFlag                            0x08001509   Thumb Code    38  stm32f4xx_dma.o(i.DMA_ClearFlag)
    DMA_ClearITPendingBit                    0x0800153d   Thumb Code    38  stm32f4xx_dma.o(i.DMA_ClearITPendingBit)
    DMA_Cmd                                  0x08001571   Thumb Code    22  stm32f4xx_dma.o(i.DMA_Cmd)
    DMA_GetCmdStatus                         0x08001587   Thumb Code    20  stm32f4xx_dma.o(i.DMA_GetCmdStatus)
    DMA_GetITStatus                          0x0800159d   Thumb Code    82  stm32f4xx_dma.o(i.DMA_GetITStatus)
    DMA_SetCurrDataCounter                   0x08001601   Thumb Code     4  stm32f4xx_dma.o(i.DMA_SetCurrDataCounter)
    DebugMon_Handler                         0x08001605   Thumb Code     2  stm32f4xx_it.o(i.DebugMon_Handler)
    EEPROM_Load_Threshold                    0x08001609   Thumb Code    70  eeprom_1.o(i.EEPROM_Load_Threshold)
    EEPROM_Read_Buffer                       0x08001685   Thumb Code   240  eeprom_1.o(i.EEPROM_Read_Buffer)
    EEPROM_Save_Threshold                    0x08001779   Thumb Code    36  eeprom_1.o(i.EEPROM_Save_Threshold)
    EEPROM_Write_Buffer                      0x08001811   Thumb Code   136  eeprom_1.o(i.EEPROM_Write_Buffer)
    ESP8266_ExitUnvarnished                  0x08001945   Thumb Code    32  esp8266.o(i.ESP8266_ExitUnvarnished)
    ESP8266_Init                             0x0800196d   Thumb Code   336  esp8266.o(i.ESP8266_Init)
    ESP8266_JoinAP                           0x08001bb5   Thumb Code    30  esp8266.o(i.ESP8266_JoinAP)
    ESP8266_SendCmd                          0x08001c1d   Thumb Code    20  esp8266.o(i.ESP8266_SendCmd)
    ESP8266_SendCmd_Timeout                  0x08001c31   Thumb Code    90  esp8266.o(i.ESP8266_SendCmd_Timeout)
    ESP8266_Sync_RTC_Time                    0x08001c95   Thumb Code   478  esp8266.o(i.ESP8266_Sync_RTC_Time)
    ESP8266_WaitRecive                       0x08001fb1   Thumb Code    38  esp8266.o(i.ESP8266_WaitRecive)
    ESP8266_memset_RecvBuff                  0x08001fe1   Thumb Code    28  esp8266.o(i.ESP8266_memset_RecvBuff)
    EXTI2_IRQHandler                         0x08002009   Thumb Code    38  exti_1.o(i.EXTI2_IRQHandler)
    EXTI3_IRQHandler                         0x08002035   Thumb Code    38  exti_1.o(i.EXTI3_IRQHandler)
    EXTI4_IRQHandler                         0x08002061   Thumb Code    38  exti_1.o(i.EXTI4_IRQHandler)
    EXTI9_5_IRQHandler                       0x0800208d   Thumb Code    28  exti_1.o(i.EXTI9_5_IRQHandler)
    EXTI_ClearITPendingBit                   0x080020ad   Thumb Code     6  stm32f4xx_exti.o(i.EXTI_ClearITPendingBit)
    EXTI_GetITStatus                         0x080020b9   Thumb Code    20  stm32f4xx_exti.o(i.EXTI_GetITStatus)
    EXTI_Init                                0x080020d1   Thumb Code   142  stm32f4xx_exti.o(i.EXTI_Init)
    EXTI_config                              0x08002165   Thumb Code   248  exti_1.o(i.EXTI_config)
    FAN_Config                               0x08002261   Thumb Code   184  fan_1.o(i.FAN_Config)
    FAN_brake                                0x08002321   Thumb Code    24  fan_1.o(i.FAN_brake)
    FAN_turn_left                            0x0800233d   Thumb Code    40  fan_1.o(i.FAN_turn_left)
    GPIO_Init                                0x08002369   Thumb Code   144  stm32f4xx_gpio.o(i.GPIO_Init)
    GPIO_PinAFConfig                         0x080023f9   Thumb Code    70  stm32f4xx_gpio.o(i.GPIO_PinAFConfig)
    GPIO_ReadInputDataBit                    0x0800243f   Thumb Code    18  stm32f4xx_gpio.o(i.GPIO_ReadInputDataBit)
    GPIO_ResetBits                           0x08002451   Thumb Code     6  stm32f4xx_gpio.o(i.GPIO_ResetBits)
    GPIO_SetBits                             0x08002457   Thumb Code     4  stm32f4xx_gpio.o(i.GPIO_SetBits)
    Get_RGB_Color_Name                       0x0800245d   Thumb Code    46  tim6.o(i.Get_RGB_Color_Name)
    HardFault_Handler                        0x080024c5   Thumb Code     4  stm32f4xx_it.o(i.HardFault_Handler)
    IIC_MasterAck                            0x08002521   Thumb Code    92  iic_1.o(i.IIC_MasterAck)
    IIC_ReadByte                             0x08002581   Thumb Code   104  iic_1.o(i.IIC_ReadByte)
    IIC_SendByte                             0x080025ed   Thumb Code   104  iic_1.o(i.IIC_SendByte)
    IIC_SlaveAck                             0x08002659   Thumb Code    86  iic_1.o(i.IIC_SlaveAck)
    IIC_Start                                0x080026b5   Thumb Code    62  iic_1.o(i.IIC_Start)
    IIC_Stop                                 0x080026f9   Thumb Code    62  iic_1.o(i.IIC_Stop)
    IIC_config                               0x0800273d   Thumb Code    96  iic_1.o(i.IIC_config)
    IR_Get_Filtered_Value                    0x080027a5   Thumb Code   108  ir_1.o(i.IR_Get_Filtered_Value)
    IR_Get_Fire                              0x08002815   Thumb Code    86  ir_1.o(i.IR_Get_Fire)
    IR_Get_RawData                           0x0800287d   Thumb Code   106  ir_1.o(i.IR_Get_RawData)
    IR_config                                0x080028f1   Thumb Code   116  ir_1.o(i.IR_config)
    KEY_config                               0x08002971   Thumb Code    48  key.o(i.KEY_config)
    MQ2_Get_Filtered_Value                   0x080029a5   Thumb Code   108  mq2_1.o(i.MQ2_Get_Filtered_Value)
    MQ2_Get_Per                              0x08002a15   Thumb Code   202  mq2_1.o(i.MQ2_Get_Per)
    MQ2_Get_RawData                          0x08002af5   Thumb Code   104  mq2_1.o(i.MQ2_Get_RawData)
    MQ2_config                               0x08002b65   Thumb Code   122  mq2_1.o(i.MQ2_config)
    MQTT_Clear                               0x08002bf1   Thumb Code    24  mqtt.o(i.MQTT_Clear)
    MQTT_Connect                             0x08002c15   Thumb Code   414  mqtt.o(i.MQTT_Connect)
    MQTT_PublicTopic                         0x08002e25   Thumb Code   442  mqtt.o(i.MQTT_PublicTopic)
    MQTT_SendData                            0x08003099   Thumb Code    18  mqtt.o(i.MQTT_SendData)
    MQTT_SubscribeTopic                      0x080030b1   Thumb Code   204  mqtt.o(i.MQTT_SubscribeTopic)
    MemManage_Handler                        0x0800318d   Thumb Code     4  stm32f4xx_it.o(i.MemManage_Handler)
    NMI_Handler                              0x08003191   Thumb Code     2  stm32f4xx_it.o(i.NMI_Handler)
    NVIC_Init                                0x08003195   Thumb Code   106  misc.o(i.NVIC_Init)
    NVIC_PriorityGroupConfig                 0x0800320d   Thumb Code    10  misc.o(i.NVIC_PriorityGroupConfig)
    OLED_ClearArea_Gram                      0x08003221   Thumb Code    76  oled_1.o(i.OLED_ClearArea_Gram)
    OLED_Clear_Gram                          0x08003271   Thumb Code    36  oled_1.o(i.OLED_Clear_Gram)
    OLED_Init                                0x08003299   Thumb Code   228  oled_1.o(i.OLED_Init)
    OLED_Refresh_Gram                        0x0800346d   Thumb Code    36  oled_1.o(i.OLED_Refresh_Gram)
    OLED_SetPos                              0x08003495   Thumb Code    42  oled_1.o(i.OLED_SetPos)
    OLED_ShowStr_5x8                         0x080034c1   Thumb Code   124  oled_1.o(i.OLED_ShowStr_5x8)
    OLED_ShowStr_8x8                         0x08003545   Thumb Code    84  oled_1.o(i.OLED_ShowStr_8x8)
    OLED_WriteCmd                            0x080035a1   Thumb Code    18  oled_1.o(i.OLED_WriteCmd)
    PWR_BackupAccessCmd                      0x0800368d   Thumb Code     6  stm32f4xx_pwr.o(i.PWR_BackupAccessCmd)
    RCC_AHB1PeriphClockCmd                   0x08003699   Thumb Code    26  stm32f4xx_rcc.o(i.RCC_AHB1PeriphClockCmd)
    RCC_APB1PeriphClockCmd                   0x080036b9   Thumb Code    26  stm32f4xx_rcc.o(i.RCC_APB1PeriphClockCmd)
    RCC_APB2PeriphClockCmd                   0x080036d9   Thumb Code    26  stm32f4xx_rcc.o(i.RCC_APB2PeriphClockCmd)
    RCC_GetClocksFreq                        0x080036f9   Thumb Code   214  stm32f4xx_rcc.o(i.RCC_GetClocksFreq)
    RCC_GetFlagStatus                        0x080037e1   Thumb Code    60  stm32f4xx_rcc.o(i.RCC_GetFlagStatus)
    RCC_LSEConfig                            0x08003821   Thumb Code    40  stm32f4xx_rcc.o(i.RCC_LSEConfig)
    RCC_RTCCLKCmd                            0x0800384d   Thumb Code     6  stm32f4xx_rcc.o(i.RCC_RTCCLKCmd)
    RCC_RTCCLKConfig                         0x08003859   Thumb Code    50  stm32f4xx_rcc.o(i.RCC_RTCCLKConfig)
    RGB_SetColor                             0x08003895   Thumb Code    34  rgb_1.o(i.RGB_SetColor)
    RGB_config                               0x080038bd   Thumb Code   216  rgb_1.o(i.RGB_config)
    RTC_Alarm                                0x0800399d   Thumb Code   158  rtc_1.o(i.RTC_Alarm)
    RTC_AlarmCmd                             0x08003a3d   Thumb Code   112  stm32f4xx_rtc.o(i.RTC_AlarmCmd)
    RTC_Alarm_IRQHandler                     0x08003ab1   Thumb Code    38  rtc_1.o(i.RTC_Alarm_IRQHandler)
    RTC_ClearFlag                            0x08003b25   Thumb Code    24  stm32f4xx_rtc.o(i.RTC_ClearFlag)
    RTC_ClearITPendingBit                    0x08003b41   Thumb Code    28  stm32f4xx_rtc.o(i.RTC_ClearITPendingBit)
    RTC_EnterInitMode                        0x08003b61   Thumb Code    76  stm32f4xx_rtc.o(i.RTC_EnterInitMode)
    RTC_ExitInitMode                         0x08003bb1   Thumb Code    14  stm32f4xx_rtc.o(i.RTC_ExitInitMode)
    RTC_GetDate                              0x08003bc5   Thumb Code    68  stm32f4xx_rtc.o(i.RTC_GetDate)
    RTC_GetITStatus                          0x08003c11   Thumb Code    64  stm32f4xx_rtc.o(i.RTC_GetITStatus)
    RTC_GetTime                              0x08003c55   Thumb Code    72  stm32f4xx_rtc.o(i.RTC_GetTime)
    RTC_ITConfig                             0x08003ca5   Thumb Code    94  stm32f4xx_rtc.o(i.RTC_ITConfig)
    RTC_Init                                 0x08003d09   Thumb Code    94  stm32f4xx_rtc.o(i.RTC_Init)
    RTC_Mode_config                          0x08003d6d   Thumb Code    80  rtc_1.o(i.RTC_Mode_config)
    RTC_ReadBackupRegister                   0x08003dbd   Thumb Code    26  stm32f4xx_rtc.o(i.RTC_ReadBackupRegister)
    RTC_SetAlarm                             0x08003ddd   Thumb Code   230  stm32f4xx_rtc.o(i.RTC_SetAlarm)
    RTC_SetDate                              0x08003ec9   Thumb Code   190  stm32f4xx_rtc.o(i.RTC_SetDate)
    RTC_SetTime                              0x08003f91   Thumb Code   198  stm32f4xx_rtc.o(i.RTC_SetTime)
    RTC_SetWakeUpCounter                     0x08004061   Thumb Code    22  stm32f4xx_rtc.o(i.RTC_SetWakeUpCounter)
    RTC_Show_Time                            0x0800407d   Thumb Code    58  rtc_1.o(i.RTC_Show_Time)
    RTC_Time_Date                            0x080040d9   Thumb Code    70  rtc_1.o(i.RTC_Time_Date)
    RTC_WKUP_IRQHandler                      0x08004121   Thumb Code    66  rtc_1.o(i.RTC_WKUP_IRQHandler)
    RTC_WaitForSynchro                       0x0800416d   Thumb Code    92  stm32f4xx_rtc.o(i.RTC_WaitForSynchro)
    RTC_WakeUpClockConfig                    0x080041cd   Thumb Code    42  stm32f4xx_rtc.o(i.RTC_WakeUpClockConfig)
    RTC_WakeUpCmd                            0x080041fd   Thumb Code   116  stm32f4xx_rtc.o(i.RTC_WakeUpCmd)
    RTC_Wake_Up_Config                       0x08004275   Thumb Code   114  rtc_1.o(i.RTC_Wake_Up_Config)
    RTC_WriteBackupRegister                  0x080042e9   Thumb Code    24  stm32f4xx_rtc.o(i.RTC_WriteBackupRegister)
    RTC_config                               0x08004305   Thumb Code    94  rtc_1.o(i.RTC_config)
    SG_config                                0x080043a1   Thumb Code   174  steering_gear_1.o(i.SG_config)
    SG_turn                                  0x08004459   Thumb Code    50  steering_gear_1.o(i.SG_turn)
    SYSCFG_EXTILineConfig                    0x08004495   Thumb Code    60  stm32f4xx_syscfg.o(i.SYSCFG_EXTILineConfig)
    SysTick_Handler                          0x080045c1   Thumb Code    46  port.o(i.SysTick_Handler)
    SystemInit                               0x080045f5   Thumb Code    88  system_stm32f4xx.o(i.SystemInit)
    TIM6_DAC_IRQHandler                      0x0800465d   Thumb Code   454  tim6.o(i.TIM6_DAC_IRQHandler)
    TIM6_config                              0x08004835   Thumb Code   102  tim6.o(i.TIM6_config)
    TIM7_IRQHandler                          0x080048a1   Thumb Code   664  tim7_1.o(i.TIM7_IRQHandler)
    TIM7_config                              0x08004b95   Thumb Code   102  tim7_1.o(i.TIM7_config)
    TIM_ARRPreloadConfig                     0x08004c01   Thumb Code    24  stm32f4xx_tim.o(i.TIM_ARRPreloadConfig)
    TIM_ClearITPendingBit                    0x08004c19   Thumb Code     6  stm32f4xx_tim.o(i.TIM_ClearITPendingBit)
    TIM_Cmd                                  0x08004c1f   Thumb Code    24  stm32f4xx_tim.o(i.TIM_Cmd)
    TIM_CtrlPWMOutputs                       0x08004c37   Thumb Code    30  stm32f4xx_tim.o(i.TIM_CtrlPWMOutputs)
    TIM_GetITStatus                          0x08004c55   Thumb Code    34  stm32f4xx_tim.o(i.TIM_GetITStatus)
    TIM_ITConfig                             0x08004c77   Thumb Code    18  stm32f4xx_tim.o(i.TIM_ITConfig)
    TIM_OC1Init                              0x08004c89   Thumb Code   114  stm32f4xx_tim.o(i.TIM_OC1Init)
    TIM_OC1PreloadConfig                     0x08004d05   Thumb Code    18  stm32f4xx_tim.o(i.TIM_OC1PreloadConfig)
    TIM_OC2Init                              0x08004d19   Thumb Code   154  stm32f4xx_tim.o(i.TIM_OC2Init)
    TIM_OC2PreloadConfig                     0x08004dbd   Thumb Code    26  stm32f4xx_tim.o(i.TIM_OC2PreloadConfig)
    TIM_OC3Init                              0x08004dd9   Thumb Code   150  stm32f4xx_tim.o(i.TIM_OC3Init)
    TIM_OC3PreloadConfig                     0x08004e79   Thumb Code    18  stm32f4xx_tim.o(i.TIM_OC3PreloadConfig)
    TIM_OC4Init                              0x08004e8d   Thumb Code   112  stm32f4xx_tim.o(i.TIM_OC4Init)
    TIM_SetAutoreload                        0x08004f05   Thumb Code     4  stm32f4xx_tim.o(i.TIM_SetAutoreload)
    TIM_SetCompare1                          0x08004f09   Thumb Code     4  stm32f4xx_tim.o(i.TIM_SetCompare1)
    TIM_SetCompare2                          0x08004f0d   Thumb Code     4  stm32f4xx_tim.o(i.TIM_SetCompare2)
    TIM_SetCompare3                          0x08004f11   Thumb Code     4  stm32f4xx_tim.o(i.TIM_SetCompare3)
    TIM_SetCompare4                          0x08004f15   Thumb Code     4  stm32f4xx_tim.o(i.TIM_SetCompare4)
    TIM_TimeBaseInit                         0x08004f19   Thumb Code   104  stm32f4xx_tim.o(i.TIM_TimeBaseInit)
    Task_ControlLogic                        0x08004f9d   Thumb Code  1328  main.o(i.Task_ControlLogic)
    Task_Display                             0x080054cd   Thumb Code   904  main.o(i.Task_Display)
    Task_Network                             0x08005a59   Thumb Code   262  main.o(i.Task_Network)
    Task_SensorRead                          0x08005c11   Thumb Code   138  main.o(i.Task_SensorRead)
    USART1_DMA_ENABLE                        0x08005cad   Thumb Code    52  dma_1.o(i.USART1_DMA_ENABLE)
    USART1_IRQHandler                        0x08005ce5   Thumb Code   122  usart_1.o(i.USART1_IRQHandler)
    USART1_config                            0x08005d85   Thumb Code   188  usart_1.o(i.USART1_config)
    USART2_IRQHandler                        0x08005e49   Thumb Code    26  usart_1.o(i.USART2_IRQHandler)
    USART3_IRQHandler                        0x08005e69   Thumb Code    68  esp8266.o(i.USART3_IRQHandler)
    USART3_config                            0x08005ebd   Thumb Code   180  usart_1.o(i.USART3_config)
    USART_ClearITPendingBit                  0x08005f79   Thumb Code    30  stm32f4xx_usart.o(i.USART_ClearITPendingBit)
    USART_Cmd                                0x08005f97   Thumb Code    24  stm32f4xx_usart.o(i.USART_Cmd)
    USART_GetFlagStatus                      0x08005faf   Thumb Code    26  stm32f4xx_usart.o(i.USART_GetFlagStatus)
    USART_GetITStatus                        0x08005fc9   Thumb Code    84  stm32f4xx_usart.o(i.USART_GetITStatus)
    USART_ITConfig                           0x0800601d   Thumb Code    74  stm32f4xx_usart.o(i.USART_ITConfig)
    USART_Init                               0x08006069   Thumb Code   204  stm32f4xx_usart.o(i.USART_Init)
    USART_ReceiveData                        0x0800613d   Thumb Code    10  stm32f4xx_usart.o(i.USART_ReceiveData)
    USART_SendData                           0x08006147   Thumb Code     8  stm32f4xx_usart.o(i.USART_SendData)
    UsageFault_Handler                       0x0800614f   Thumb Code     4  stm32f4xx_it.o(i.UsageFault_Handler)
    Usart_SendArray                          0x08006153   Thumb Code    48  usart_1.o(i.Usart_SendArray)
    Usart_SendByte                           0x08006183   Thumb Code    30  usart_1.o(i.Usart_SendByte)
    Usart_SendString                         0x080061a1   Thumb Code    42  usart_1.o(i.Usart_SendString)
    Water_config                             0x080061cd   Thumb Code   174  water_1.o(i.Water_config)
    Water_ration                             0x08006285   Thumb Code    40  water_1.o(i.Water_ration)
    __0printf                                0x080062b1   Thumb Code    22  printfa.o(i.__0printf)
    __1printf                                0x080062b1   Thumb Code     0  printfa.o(i.__0printf)
    __2printf                                0x080062b1   Thumb Code     0  printfa.o(i.__0printf)
    __c89printf                              0x080062b1   Thumb Code     0  printfa.o(i.__0printf)
    printf                                   0x080062b1   Thumb Code     0  printfa.o(i.__0printf)
    __0snprintf                              0x080062d1   Thumb Code    48  printfa.o(i.__0snprintf)
    __1snprintf                              0x080062d1   Thumb Code     0  printfa.o(i.__0snprintf)
    __2snprintf                              0x080062d1   Thumb Code     0  printfa.o(i.__0snprintf)
    __c89snprintf                            0x080062d1   Thumb Code     0  printfa.o(i.__0snprintf)
    snprintf                                 0x080062d1   Thumb Code     0  printfa.o(i.__0snprintf)
    __0sprintf                               0x08006305   Thumb Code    34  printfa.o(i.__0sprintf)
    __1sprintf                               0x08006305   Thumb Code     0  printfa.o(i.__0sprintf)
    __2sprintf                               0x08006305   Thumb Code     0  printfa.o(i.__0sprintf)
    __c89sprintf                             0x08006305   Thumb Code     0  printfa.o(i.__0sprintf)
    sprintf                                  0x08006305   Thumb Code     0  printfa.o(i.__0sprintf)
    __scatterload_copy                       0x0800632d   Thumb Code    14  handlers.o(i.__scatterload_copy)
    __scatterload_null                       0x0800633b   Thumb Code     2  handlers.o(i.__scatterload_null)
    __scatterload_zeroinit                   0x0800633d   Thumb Code    14  handlers.o(i.__scatterload_zeroinit)
    delay_ms                                 0x08006bf7   Thumb Code    24  delay.o(i.delay_ms)
    delay_us                                 0x08006c0f   Thumb Code    52  delay.o(i.delay_us)
    fputc                                    0x08006c45   Thumb Code    32  usart_1.o(i.fputc)
    main                                     0x08006c69   Thumb Code   252  main.o(i.main)
    pvPortMalloc                             0x08007785   Thumb Code   280  heap_4.o(i.pvPortMalloc)
    pvTaskIncrementMutexHeldCount            0x080078b1   Thumb Code    26  tasks.o(i.pvTaskIncrementMutexHeldCount)
    pxPortInitialiseStack                    0x080078d1   Thumb Code    38  port.o(i.pxPortInitialiseStack)
    uxListRemove                             0x080078fd   Thumb Code    40  list.o(i.uxListRemove)
    vListInitialise                          0x08007925   Thumb Code    26  list.o(i.vListInitialise)
    vListInitialiseItem                      0x0800793f   Thumb Code     6  list.o(i.vListInitialiseItem)
    vListInsert                              0x08007945   Thumb Code    52  list.o(i.vListInsert)
    vPortEnterCritical                       0x08007979   Thumb Code    76  port.o(i.vPortEnterCritical)
    vPortExitCritical                        0x080079cd   Thumb Code    56  port.o(i.vPortExitCritical)
    vPortFree                                0x08007a09   Thumb Code   132  heap_4.o(i.vPortFree)
    vPortSetupTimerInterrupt                 0x08007a95   Thumb Code    36  port.o(i.vPortSetupTimerInterrupt)
    vQueueAddToRegistry                      0x08007abd   Thumb Code    90  queue.o(i.vQueueAddToRegistry)
    vQueueWaitForMessageRestricted           0x08007b1d   Thumb Code    74  queue.o(i.vQueueWaitForMessageRestricted)
    vTaskDelay                               0x08007b69   Thumb Code    82  tasks.o(i.vTaskDelay)
    vTaskInternalSetTimeOutState             0x08007bc5   Thumb Code    14  tasks.o(i.vTaskInternalSetTimeOutState)
    vTaskMissedYield                         0x08007bdd   Thumb Code     8  tasks.o(i.vTaskMissedYield)
    vTaskPlaceOnEventList                    0x08007be9   Thumb Code    52  tasks.o(i.vTaskPlaceOnEventList)
    vTaskPlaceOnEventListRestricted          0x08007c21   Thumb Code    94  tasks.o(i.vTaskPlaceOnEventListRestricted)
    vTaskPriorityDisinheritAfterTimeout      0x08007c85   Thumb Code   268  tasks.o(i.vTaskPriorityDisinheritAfterTimeout)
    vTaskStartScheduler                      0x08007d9d   Thumb Code   122  tasks.o(i.vTaskStartScheduler)
    vTaskSuspendAll                          0x08007e39   Thumb Code    12  tasks.o(i.vTaskSuspendAll)
    vTaskSwitchContext                       0x08007e49   Thumb Code   118  tasks.o(i.vTaskSwitchContext)
    xPortStartScheduler                      0x08007ed5   Thumb Code   330  port.o(i.xPortStartScheduler)
    xQueueCreateMutex                        0x0800803d   Thumb Code    34  queue.o(i.xQueueCreateMutex)
    xQueueGenericCreate                      0x0800805f   Thumb Code   102  queue.o(i.xQueueGenericCreate)
    xQueueGenericReset                       0x080080c5   Thumb Code   214  queue.o(i.xQueueGenericReset)
    xQueueGenericSend                        0x080081a1   Thumb Code   420  queue.o(i.xQueueGenericSend)
    xQueueReceive                            0x08008349   Thumb Code   356  queue.o(i.xQueueReceive)
    xQueueSemaphoreTake                      0x080084b1   Thumb Code   398  queue.o(i.xQueueSemaphoreTake)
    xTaskCheckForTimeOut                     0x08008645   Thumb Code   136  tasks.o(i.xTaskCheckForTimeOut)
    xTaskCreate                              0x080086d5   Thumb Code   104  tasks.o(i.xTaskCreate)
    xTaskDelayUntil                          0x0800873d   Thumb Code   202  tasks.o(i.xTaskDelayUntil)
    xTaskGetSchedulerState                   0x08008815   Thumb Code    24  tasks.o(i.xTaskGetSchedulerState)
    xTaskGetTickCount                        0x08008835   Thumb Code     6  tasks.o(i.xTaskGetTickCount)
    xTaskIncrementTick                       0x08008841   Thumb Code   398  tasks.o(i.xTaskIncrementTick)
    xTaskPriorityDisinherit                  0x080089fd   Thumb Code   226  tasks.o(i.xTaskPriorityDisinherit)
    xTaskPriorityInherit                     0x08008aed   Thumb Code   224  tasks.o(i.xTaskPriorityInherit)
    xTaskRemoveFromEventList                 0x08008bd9   Thumb Code   264  tasks.o(i.xTaskRemoveFromEventList)
    xTaskResumeAll                           0x08008cf9   Thumb Code   338  tasks.o(i.xTaskResumeAll)
    xTimerCreateTimerTask                    0x08008e71   Thumb Code    66  timers.o(i.xTimerCreateTimerTask)
    __ctype_categories                       0x08009201   Data          64  ctype_c.o(.constdata)
    Region$$Table$$Base                      0x08009470   Number         0  anon$$obj.o(Region$$Table)
    Region$$Table$$Limit                     0x08009490   Number         0  anon$$obj.o(Region$$Table)
    SystemCoreClock                          0x20000000   Data           4  system_stm32f4xx.o(.data)
    AHBPrescTable                            0x20000004   Data          16  system_stm32f4xx.o(.data)
    s                                        0x20000014   Data           3  main.o(.data)
    T                                        0x20000018   Data           8  main.o(.data)
    T_temp                                   0x20000020   Data           8  main.o(.data)
    g_ht                                     0x20000028   Data           8  main.o(.data)
    g_fire_r                                 0x20000030   Data           4  main.o(.data)
    g_mq2_per                                0x20000034   Data           4  main.o(.data)
    xDataMutex                               0x20000038   Data           4  main.o(.data)
    xTaskSensorHandle                        0x2000003c   Data           4  main.o(.data)
    xTaskControlHandle                       0x20000040   Data           4  main.o(.data)
    xTaskDisplayHandle                       0x20000044   Data           4  main.o(.data)
    xTaskNetHandle                           0x20000048   Data           4  main.o(.data)
    humi_int                                 0x20000050   Data           1  dht11.o(.data)
    humi_deci                                0x20000051   Data           1  dht11.o(.data)
    temp_int                                 0x20000052   Data           1  dht11.o(.data)
    temp_deci                                0x20000053   Data           1  dht11.o(.data)
    check_sum                                0x20000054   Data           1  dht11.o(.data)
    key_flag                                 0x2000005d   Data           1  exti_1.o(.data)
    xI2C_Mutex                               0x20000060   Data           4  iic_1.o(.data)
    xADC1_Mutex                              0x20000064   Data           4  mq2_1.o(.data)
    mytime                                   0x20000070   Data           4  rtc_1.o(.data)
    mydate                                   0x20000074   Data           4  rtc_1.o(.data)
    g_sntp_sync_timer                        0x20000078   Data           4  rtc_1.o(.data)
    g_need_sntp_sync                         0x2000007c   Data           1  rtc_1.o(.data)
    Manual_Auto                              0x20000080   Data           1  tim7_1.o(.data)
    Set_Threshold                            0x20000081   Data           1  tim7_1.o(.data)
    key2_short                               0x20000082   Data           1  tim7_1.o(.data)
    key3_led_beep                            0x20000083   Data           1  tim7_1.o(.data)
    key3_fan                                 0x20000084   Data           1  tim7_1.o(.data)
    key4_water                               0x20000085   Data           1  tim7_1.o(.data)
    key4_gate                                0x20000086   Data           1  tim7_1.o(.data)
    oled_clear                               0x20000087   Data           1  tim7_1.o(.data)
    subscribe                                0x20000088   Data           1  tim7_1.o(.data)
    read_data                                0x20000089   Data           1  tim7_1.o(.data)
    Back                                     0x2000008c   Data           4  tim7_1.o(.data)
    add                                      0x20000090   Data           1  tim7_1.o(.data)
    dec                                      0x20000091   Data           1  tim7_1.o(.data)
    save                                     0x20000092   Data           1  tim7_1.o(.data)
    key1_time                                0x20000093   Data           1  tim7_1.o(.data)
    key2_time                                0x20000094   Data           1  tim7_1.o(.data)
    key3_time                                0x20000095   Data           1  tim7_1.o(.data)
    key4_time                                0x20000096   Data           1  tim7_1.o(.data)
    threshold_item                           0x20000097   Data           1  tim7_1.o(.data)
    oled_time                                0x20000098   Data           2  tim7_1.o(.data)
    subscribe_time                           0x2000009a   Data           2  tim7_1.o(.data)
    data_time                                0x2000009c   Data           2  tim7_1.o(.data)
    rxd_data                                 0x2000009e   Data           1  usart_1.o(.data)
    stranger_detected                        0x200000a2   Data           1  usart_1.o(.data)
    stranger_timeout_cnt                     0x200000a4   Data           2  usart_1.o(.data)
    current_alarm                            0x200000a6   Data           1  tim6.o(.data)
    cnt                                      0x200000ba   Data           2  esp8266.o(.data)
    g_rtc_synced                             0x200000be   Data           1  esp8266.o(.data)
    DataLen                                  0x200000c0   Data           2  mqtt.o(.data)
    MQTT_Len                                 0x200000c2   Data           2  mqtt.o(.data)
    pxCurrentTCB                             0x200000c4   Data           4  tasks.o(.data)
    uxTopUsedPriority                        0x200000fc   Data           4  tasks.o(.data)
    __stdout                                 0x20000140   Data           4  stdout.o(.data)
    show_ST                                  0x20000544   Data          20  rtc_1.o(.bss)
    recv_buf                                 0x20000758   Data         512  esp8266.o(.bss)
    MQTT_RX_BUF                              0x20000958   Data         512  mqtt.o(.bss)
    xQueueRegistry                           0x20000b58   Data          64  queue.o(.bss)
    __initial_sp                             0x2000d888   Data           0  startup_stm32f40xx.o(STACK)



==============================================================================

Memory Map of the image

  Image Entry point : 0x08000189

  Load Region LR_IROM1 (Base: 0x08000000, Size: 0x000095d4, Max: 0x00080000, ABSOLUTE, COMPRESSED[0x000094c4])

    Execution Region ER_IROM1 (Exec base: 0x08000000, Load base: 0x08000000, Size: 0x00009490, Max: 0x00080000, ABSOLUTE)

    Exec Addr    Load Addr    Size         Type   Attr      Idx    E Section Name        Object

    0x08000000   0x08000000   0x00000188   Data   RO          337    RESET               startup_stm32f40xx.o
    0x08000188   0x08000188   0x00000000   Code   RO         8191  * .ARM.Collect$$$$00000000  mc_w.l(entry.o)
    0x08000188   0x08000188   0x00000004   Code   RO         8479    .ARM.Collect$$$$00000001  mc_w.l(entry2.o)
    0x0800018c   0x0800018c   0x00000004   Code   RO         8482    .ARM.Collect$$$$00000004  mc_w.l(entry5.o)
    0x08000190   0x08000190   0x00000000   Code   RO         8484    .ARM.Collect$$$$00000008  mc_w.l(entry7b.o)
    0x08000190   0x08000190   0x00000000   Code   RO         8486    .ARM.Collect$$$$0000000A  mc_w.l(entry8b.o)
    0x08000190   0x08000190   0x00000008   Code   RO         8487    .ARM.Collect$$$$0000000B  mc_w.l(entry9a.o)
    0x08000198   0x08000198   0x00000004   Code   RO         8494    .ARM.Collect$$$$0000000E  mc_w.l(entry12b.o)
    0x0800019c   0x0800019c   0x00000000   Code   RO         8489    .ARM.Collect$$$$0000000F  mc_w.l(entry10a.o)
    0x0800019c   0x0800019c   0x00000000   Code   RO         8491    .ARM.Collect$$$$00000011  mc_w.l(entry11a.o)
    0x0800019c   0x0800019c   0x00000004   Code   RO         8480    .ARM.Collect$$$$00002712  mc_w.l(entry2.o)
    0x080001a0   0x080001a0   0x000000be   Code   RO         8114    .emb_text           port.o
    0x0800025e   0x0800025e   0x00000002   PAD
    0x08000260   0x08000260   0x00000024   Code   RO          338    .text               startup_stm32f40xx.o
    0x08000284   0x08000284   0x0000009c   Code   RO         8194    .text               mc_w.l(qsort.o)
    0x08000320   0x08000320   0x00000024   Code   RO         8196    .text               mc_w.l(memcpya.o)
    0x08000344   0x08000344   0x00000024   Code   RO         8200    .text               mc_w.l(memseta.o)
    0x08000368   0x08000368   0x00000024   Code   RO         8202    .text               mc_w.l(strstr.o)
    0x0800038c   0x0800038c   0x0000000e   Code   RO         8204    .text               mc_w.l(strlen.o)
    0x0800039a   0x0800039a   0x0000001c   Code   RO         8206    .text               mc_w.l(strcmp.o)
    0x080003b6   0x080003b6   0x00000002   PAD
    0x080003b8   0x080003b8   0x00000038   Code   RO         8471    .text               mc_w.l(__0sscanf.o)
    0x080003f0   0x080003f0   0x0000014c   Code   RO         8473    .text               mc_w.l(_scanf_int.o)
    0x0800053c   0x0800053c   0x000000e0   Code   RO         8475    .text               mc_w.l(_scanf_str.o)
    0x0800061c   0x0800061c   0x00000026   Code   RO         8477    .text               mf_w.l(f2d.o)
    0x08000642   0x08000642   0x0000002c   Code   RO         8496    .text               mc_w.l(uidiv.o)
    0x0800066e   0x0800066e   0x00000062   Code   RO         8498    .text               mc_w.l(uldiv.o)
    0x080006d0   0x080006d0   0x0000001c   Code   RO         8500    .text               mc_w.l(_chval.o)
    0x080006ec   0x080006ec   0x00000028   Code   RO         8502    .text               mc_w.l(scanf_char.o)
    0x08000714   0x08000714   0x00000040   Code   RO         8504    .text               mc_w.l(_sgetc.o)
    0x08000754   0x08000754   0x00000000   Code   RO         8506    .text               mc_w.l(iusefp.o)
    0x08000754   0x08000754   0x0000014e   Code   RO         8507    .text               mf_w.l(dadd.o)
    0x080008a2   0x080008a2   0x000000e4   Code   RO         8509    .text               mf_w.l(dmul.o)
    0x08000986   0x08000986   0x000000de   Code   RO         8511    .text               mf_w.l(ddiv.o)
    0x08000a64   0x08000a64   0x00000030   Code   RO         8513    .text               mf_w.l(dfixul.o)
    0x08000a94   0x08000a94   0x00000030   Code   RO         8515    .text               mf_w.l(cdrcmple.o)
    0x08000ac4   0x08000ac4   0x00000024   Code   RO         8517    .text               mc_w.l(init.o)
    0x08000ae8   0x08000ae8   0x0000001e   Code   RO         8519    .text               mc_w.l(llshl.o)
    0x08000b06   0x08000b06   0x00000020   Code   RO         8521    .text               mc_w.l(llushr.o)
    0x08000b26   0x08000b26   0x00000024   Code   RO         8523    .text               mc_w.l(llsshr.o)
    0x08000b4a   0x08000b4a   0x0000000a   Code   RO         8525    .text               mc_w.l(isspace_c.o)
    0x08000b54   0x08000b54   0x00000330   Code   RO         8527    .text               mc_w.l(_scanf.o)
    0x08000e84   0x08000e84   0x000000ba   Code   RO         8529    .text               mf_w.l(depilogue.o)
    0x08000f3e   0x08000f3e   0x00000002   PAD
    0x08000f40   0x08000f40   0x00000028   Code   RO         8531    .text               mc_w.l(ctype_c.o)
    0x08000f68   0x08000f68   0x00000056   Code   RO         8542    .text               mc_w.l(__dczerorl2.o)
    0x08000fbe   0x08000fbe   0x00000016   Code   RO         1809    i.ADC_Cmd           stm32f4xx_adc.o
    0x08000fd4   0x08000fd4   0x00000008   Code   RO         1821    i.ADC_GetConversionValue  stm32f4xx_adc.o
    0x08000fdc   0x08000fdc   0x00000012   Code   RO         1822    i.ADC_GetFlagStatus  stm32f4xx_adc.o
    0x08000fee   0x08000fee   0x00000002   PAD
    0x08000ff0   0x08000ff0   0x00000054   Code   RO         1829    i.ADC_Init          stm32f4xx_adc.o
    0x08001044   0x08001044   0x000000b8   Code   RO         1834    i.ADC_RegularChannelConfig  stm32f4xx_adc.o
    0x080010fc   0x080010fc   0x0000000a   Code   RO         1836    i.ADC_SoftwareStartConv  stm32f4xx_adc.o
    0x08001106   0x08001106   0x00000002   PAD
    0x08001108   0x08001108   0x00000038   Code   RO          464    i.BEEP_SetFrequency  beep.o
    0x08001140   0x08001140   0x000000b4   Code   RO          465    i.BEEP_config       beep.o
    0x080011f4   0x080011f4   0x00000004   Code   RO         6760    i.BusFault_Handler  stm32f4xx_it.o
    0x080011f8   0x080011f8   0x0000000a   Code   RO          921    i.Compare_Uint16    ir_1.o
    0x08001202   0x08001202   0x0000000a   Code   RO         1121    i.Compare_Uint16    mq2_1.o
    0x0800120c   0x0800120c   0x00000064   Code   RO          556    i.DHT11_Back        dht11.o
    0x08001270   0x08001270   0x00000058   Code   RO          557    i.DHT11_DelayUs     dht11.o
    0x080012c8   0x080012c8   0x00000078   Code   RO          558    i.DHT11_Get         dht11.o
    0x08001340   0x08001340   0x00000024   Code   RO          559    i.DHT11_Input_Mode  dht11.o
    0x08001364   0x08001364   0x00000038   Code   RO          560    i.DHT11_Output_Mode  dht11.o
    0x0800139c   0x0800139c   0x00000014   Code   RO          561    i.DHT11_Read        dht11.o
    0x080013b0   0x080013b0   0x000000e8   Code   RO          562    i.DHT11_Read_Data   dht11.o
    0x08001498   0x08001498   0x00000024   Code   RO          563    i.DHT11_Set         dht11.o
    0x080014bc   0x080014bc   0x00000022   Code   RO          564    i.DHT11_Start       dht11.o
    0x080014de   0x080014de   0x00000002   PAD
    0x080014e0   0x080014e0   0x00000028   Code   RO          640    i.DMA2_Stream7_IRQHandler  dma_1.o
    0x08001508   0x08001508   0x00000034   Code   RO         2828    i.DMA_ClearFlag     stm32f4xx_dma.o
    0x0800153c   0x0800153c   0x00000034   Code   RO         2829    i.DMA_ClearITPendingBit  stm32f4xx_dma.o
    0x08001570   0x08001570   0x00000016   Code   RO         2830    i.DMA_Cmd           stm32f4xx_dma.o
    0x08001586   0x08001586   0x00000014   Code   RO         2835    i.DMA_GetCmdStatus  stm32f4xx_dma.o
    0x0800159a   0x0800159a   0x00000002   PAD
    0x0800159c   0x0800159c   0x00000064   Code   RO         2840    i.DMA_GetITStatus   stm32f4xx_dma.o
    0x08001600   0x08001600   0x00000004   Code   RO         2845    i.DMA_SetCurrDataCounter  stm32f4xx_dma.o
    0x08001604   0x08001604   0x00000002   Code   RO         6761    i.DebugMon_Handler  stm32f4xx_it.o
    0x08001606   0x08001606   0x00000002   PAD
    0x08001608   0x08001608   0x0000007c   Code   RO          676    i.EEPROM_Load_Threshold  eeprom_1.o
    0x08001684   0x08001684   0x000000f4   Code   RO          677    i.EEPROM_Read_Buffer  eeprom_1.o
    0x08001778   0x08001778   0x0000004c   Code   RO          678    i.EEPROM_Save_Threshold  eeprom_1.o
    0x080017c4   0x080017c4   0x0000004a   Code   RO          679    i.EEPROM_Wait_StandbyState  eeprom_1.o
    0x0800180e   0x0800180e   0x00000002   PAD
    0x08001810   0x08001810   0x0000008c   Code   RO          680    i.EEPROM_Write_Buffer  eeprom_1.o
    0x0800189c   0x0800189c   0x0000007c   Code   RO          681    i.EEPROM_Write_Page_Direct  eeprom_1.o
    0x08001918   0x08001918   0x0000002a   Code   RO         6817    i.ESP8266_DelayMs   esp8266.o
    0x08001942   0x08001942   0x00000002   PAD
    0x08001944   0x08001944   0x00000028   Code   RO         6818    i.ESP8266_ExitUnvarnished  esp8266.o
    0x0800196c   0x0800196c   0x00000248   Code   RO         6819    i.ESP8266_Init      esp8266.o
    0x08001bb4   0x08001bb4   0x00000068   Code   RO         6820    i.ESP8266_JoinAP    esp8266.o
    0x08001c1c   0x08001c1c   0x00000014   Code   RO         6821    i.ESP8266_SendCmd   esp8266.o
    0x08001c30   0x08001c30   0x00000064   Code   RO         6822    i.ESP8266_SendCmd_Timeout  esp8266.o
    0x08001c94   0x08001c94   0x0000031c   Code   RO         6823    i.ESP8266_Sync_RTC_Time  esp8266.o
    0x08001fb0   0x08001fb0   0x00000030   Code   RO         6824    i.ESP8266_WaitRecive  esp8266.o
    0x08001fe0   0x08001fe0   0x00000028   Code   RO         6825    i.ESP8266_memset_RecvBuff  esp8266.o
    0x08002008   0x08002008   0x0000002c   Code   RO          738    i.EXTI2_IRQHandler  exti_1.o
    0x08002034   0x08002034   0x0000002c   Code   RO          739    i.EXTI3_IRQHandler  exti_1.o
    0x08002060   0x08002060   0x0000002c   Code   RO          740    i.EXTI4_IRQHandler  exti_1.o
    0x0800208c   0x0800208c   0x00000020   Code   RO          741    i.EXTI9_5_IRQHandler  exti_1.o
    0x080020ac   0x080020ac   0x0000000c   Code   RO         3117    i.EXTI_ClearITPendingBit  stm32f4xx_exti.o
    0x080020b8   0x080020b8   0x00000018   Code   RO         3121    i.EXTI_GetITStatus  stm32f4xx_exti.o
    0x080020d0   0x080020d0   0x00000094   Code   RO         3122    i.EXTI_Init         stm32f4xx_exti.o
    0x08002164   0x08002164   0x000000fc   Code   RO          742    i.EXTI_config       exti_1.o
    0x08002260   0x08002260   0x000000c0   Code   RO          792    i.FAN_Config        fan_1.o
    0x08002320   0x08002320   0x0000001c   Code   RO          793    i.FAN_brake         fan_1.o
    0x0800233c   0x0800233c   0x0000002c   Code   RO          795    i.FAN_turn_left     fan_1.o
    0x08002368   0x08002368   0x00000090   Code   RO         3630    i.GPIO_Init         stm32f4xx_gpio.o
    0x080023f8   0x080023f8   0x00000046   Code   RO         3631    i.GPIO_PinAFConfig  stm32f4xx_gpio.o
    0x0800243e   0x0800243e   0x00000012   Code   RO         3634    i.GPIO_ReadInputDataBit  stm32f4xx_gpio.o
    0x08002450   0x08002450   0x00000006   Code   RO         3637    i.GPIO_ResetBits    stm32f4xx_gpio.o
    0x08002456   0x08002456   0x00000004   Code   RO         3638    i.GPIO_SetBits      stm32f4xx_gpio.o
    0x0800245a   0x0800245a   0x00000002   PAD
    0x0800245c   0x0800245c   0x00000068   Code   RO         1677    i.Get_RGB_Color_Name  tim6.o
    0x080024c4   0x080024c4   0x00000004   Code   RO         6762    i.HardFault_Handler  stm32f4xx_it.o
    0x080024c8   0x080024c8   0x00000058   Code   RO          840    i.IIC_DelayUs       iic_1.o
    0x08002520   0x08002520   0x00000060   Code   RO          841    i.IIC_MasterAck     iic_1.o
    0x08002580   0x08002580   0x0000006c   Code   RO          842    i.IIC_ReadByte      iic_1.o
    0x080025ec   0x080025ec   0x0000006c   Code   RO          843    i.IIC_SendByte      iic_1.o
    0x08002658   0x08002658   0x0000005c   Code   RO          844    i.IIC_SlaveAck      iic_1.o
    0x080026b4   0x080026b4   0x00000044   Code   RO          845    i.IIC_Start         iic_1.o
    0x080026f8   0x080026f8   0x00000044   Code   RO          846    i.IIC_Stop          iic_1.o
    0x0800273c   0x0800273c   0x00000068   Code   RO          847    i.IIC_config        iic_1.o
    0x080027a4   0x080027a4   0x00000070   Code   RO          922    i.IR_Get_Filtered_Value  ir_1.o
    0x08002814   0x08002814   0x00000068   Code   RO          923    i.IR_Get_Fire       ir_1.o
    0x0800287c   0x0800287c   0x00000074   Code   RO          924    i.IR_Get_RawData    ir_1.o
    0x080028f0   0x080028f0   0x00000080   Code   RO          925    i.IR_config         ir_1.o
    0x08002970   0x08002970   0x00000034   Code   RO         1719    i.KEY_config        key.o
    0x080029a4   0x080029a4   0x00000070   Code   RO         1122    i.MQ2_Get_Filtered_Value  mq2_1.o
    0x08002a14   0x08002a14   0x000000e0   Code   RO         1123    i.MQ2_Get_Per       mq2_1.o
    0x08002af4   0x08002af4   0x00000070   Code   RO         1124    i.MQ2_Get_RawData   mq2_1.o
    0x08002b64   0x08002b64   0x0000008c   Code   RO         1125    i.MQ2_config        mq2_1.o
    0x08002bf0   0x08002bf0   0x00000024   Code   RO         6913    i.MQTT_Clear        mqtt.o
    0x08002c14   0x08002c14   0x00000210   Code   RO         6914    i.MQTT_Connect      mqtt.o
    0x08002e24   0x08002e24   0x00000274   Code   RO         6916    i.MQTT_PublicTopic  mqtt.o
    0x08003098   0x08003098   0x00000018   Code   RO         6917    i.MQTT_SendData     mqtt.o
    0x080030b0   0x080030b0   0x000000dc   Code   RO         6919    i.MQTT_SubscribeTopic  mqtt.o
    0x0800318c   0x0800318c   0x00000004   Code   RO         6763    i.MemManage_Handler  stm32f4xx_it.o
    0x08003190   0x08003190   0x00000002   Code   RO         6764    i.NMI_Handler       stm32f4xx_it.o
    0x08003192   0x08003192   0x00000002   PAD
    0x08003194   0x08003194   0x00000078   Code   RO         1755    i.NVIC_Init         misc.o
    0x0800320c   0x0800320c   0x00000014   Code   RO         1756    i.NVIC_PriorityGroupConfig  misc.o
    0x08003220   0x08003220   0x00000050   Code   RO         1181    i.OLED_ClearArea_Gram  oled_1.o
    0x08003270   0x08003270   0x00000028   Code   RO         1182    i.OLED_Clear_Gram   oled_1.o
    0x08003298   0x08003298   0x000001b0   Code   RO         1185    i.OLED_Init         oled_1.o
    0x08003448   0x08003448   0x00000022   Code   RO         1187    i.OLED_Probe_Address  oled_1.o
    0x0800346a   0x0800346a   0x00000002   PAD
    0x0800346c   0x0800346c   0x00000028   Code   RO         1188    i.OLED_Refresh_Gram  oled_1.o
    0x08003494   0x08003494   0x0000002a   Code   RO         1189    i.OLED_SetPos       oled_1.o
    0x080034be   0x080034be   0x00000002   PAD
    0x080034c0   0x080034c0   0x00000084   Code   RO         1190    i.OLED_ShowStr_5x8  oled_1.o
    0x08003544   0x08003544   0x0000005c   Code   RO         1191    i.OLED_ShowStr_8x8  oled_1.o
    0x080035a0   0x080035a0   0x00000012   Code   RO         1192    i.OLED_WriteCmd     oled_1.o
    0x080035b2   0x080035b2   0x00000002   PAD
    0x080035b4   0x080035b4   0x0000006c   Code   RO         1194    i.OLED_WriteDataBuffer  oled_1.o
    0x08003620   0x08003620   0x0000006c   Code   RO         1195    i.OLED_Write_Packet  oled_1.o
    0x0800368c   0x0800368c   0x0000000c   Code   RO         4421    i.PWR_BackupAccessCmd  stm32f4xx_pwr.o
    0x08003698   0x08003698   0x00000020   Code   RO         4556    i.RCC_AHB1PeriphClockCmd  stm32f4xx_rcc.o
    0x080036b8   0x080036b8   0x00000020   Code   RO         4565    i.RCC_APB1PeriphClockCmd  stm32f4xx_rcc.o
    0x080036d8   0x080036d8   0x00000020   Code   RO         4568    i.RCC_APB2PeriphClockCmd  stm32f4xx_rcc.o
    0x080036f8   0x080036f8   0x000000e8   Code   RO         4577    i.RCC_GetClocksFreq  stm32f4xx_rcc.o
    0x080037e0   0x080037e0   0x00000040   Code   RO         4578    i.RCC_GetFlagStatus  stm32f4xx_rcc.o
    0x08003820   0x08003820   0x0000002c   Code   RO         4586    i.RCC_LSEConfig     stm32f4xx_rcc.o
    0x0800384c   0x0800384c   0x0000000c   Code   RO         4600    i.RCC_RTCCLKCmd     stm32f4xx_rcc.o
    0x08003858   0x08003858   0x0000003c   Code   RO         4601    i.RCC_RTCCLKConfig  stm32f4xx_rcc.o
    0x08003894   0x08003894   0x00000028   Code   RO         1330    i.RGB_SetColor      rgb_1.o
    0x080038bc   0x080038bc   0x000000e0   Code   RO         1331    i.RGB_config        rgb_1.o
    0x0800399c   0x0800399c   0x0000009e   Code   RO         1360    i.RTC_Alarm         rtc_1.o
    0x08003a3a   0x08003a3a   0x00000002   PAD
    0x08003a3c   0x08003a3c   0x00000074   Code   RO         4960    i.RTC_AlarmCmd      stm32f4xx_rtc.o
    0x08003ab0   0x08003ab0   0x00000040   Code   RO         1361    i.RTC_Alarm_IRQHandler  rtc_1.o
    0x08003af0   0x08003af0   0x00000016   Code   RO         4963    i.RTC_Bcd2ToByte    stm32f4xx_rtc.o
    0x08003b06   0x08003b06   0x0000001c   Code   RO         4965    i.RTC_ByteToBcd2    stm32f4xx_rtc.o
    0x08003b22   0x08003b22   0x00000002   PAD
    0x08003b24   0x08003b24   0x0000001c   Code   RO         4968    i.RTC_ClearFlag     stm32f4xx_rtc.o
    0x08003b40   0x08003b40   0x00000020   Code   RO         4969    i.RTC_ClearITPendingBit  stm32f4xx_rtc.o
    0x08003b60   0x08003b60   0x00000050   Code   RO         4975    i.RTC_EnterInitMode  stm32f4xx_rtc.o
    0x08003bb0   0x08003bb0   0x00000014   Code   RO         4976    i.RTC_ExitInitMode  stm32f4xx_rtc.o
    0x08003bc4   0x08003bc4   0x0000004c   Code   RO         4979    i.RTC_GetDate       stm32f4xx_rtc.o
    0x08003c10   0x08003c10   0x00000044   Code   RO         4981    i.RTC_GetITStatus   stm32f4xx_rtc.o
    0x08003c54   0x08003c54   0x00000050   Code   RO         4984    i.RTC_GetTime       stm32f4xx_rtc.o
    0x08003ca4   0x08003ca4   0x00000064   Code   RO         4988    i.RTC_ITConfig      stm32f4xx_rtc.o
    0x08003d08   0x08003d08   0x00000064   Code   RO         4989    i.RTC_Init          stm32f4xx_rtc.o
    0x08003d6c   0x08003d6c   0x00000050   Code   RO         1362    i.RTC_Mode_config   rtc_1.o
    0x08003dbc   0x08003dbc   0x00000020   Code   RO         4992    i.RTC_ReadBackupRegister  stm32f4xx_rtc.o
    0x08003ddc   0x08003ddc   0x000000ec   Code   RO         4994    i.RTC_SetAlarm      stm32f4xx_rtc.o
    0x08003ec8   0x08003ec8   0x000000c8   Code   RO         4995    i.RTC_SetDate       stm32f4xx_rtc.o
    0x08003f90   0x08003f90   0x000000d0   Code   RO         4996    i.RTC_SetTime       stm32f4xx_rtc.o
    0x08004060   0x08004060   0x0000001c   Code   RO         4997    i.RTC_SetWakeUpCounter  stm32f4xx_rtc.o
    0x0800407c   0x0800407c   0x0000005c   Code   RO         1363    i.RTC_Show_Time     rtc_1.o
    0x080040d8   0x080040d8   0x00000046   Code   RO         1364    i.RTC_Time_Date     rtc_1.o
    0x0800411e   0x0800411e   0x00000002   PAD
    0x08004120   0x08004120   0x0000004c   Code   RO         1365    i.RTC_WKUP_IRQHandler  rtc_1.o
    0x0800416c   0x0800416c   0x00000060   Code   RO         5012    i.RTC_WaitForSynchro  stm32f4xx_rtc.o
    0x080041cc   0x080041cc   0x00000030   Code   RO         5013    i.RTC_WakeUpClockConfig  stm32f4xx_rtc.o
    0x080041fc   0x080041fc   0x00000078   Code   RO         5014    i.RTC_WakeUpCmd     stm32f4xx_rtc.o
    0x08004274   0x08004274   0x00000072   Code   RO         1366    i.RTC_Wake_Up_Config  rtc_1.o
    0x080042e6   0x080042e6   0x00000002   PAD
    0x080042e8   0x080042e8   0x0000001c   Code   RO         5015    i.RTC_WriteBackupRegister  stm32f4xx_rtc.o
    0x08004304   0x08004304   0x0000009c   Code   RO         1367    i.RTC_config        rtc_1.o
    0x080043a0   0x080043a0   0x000000b8   Code   RO         1437    i.SG_config         steering_gear_1.o
    0x08004458   0x08004458   0x0000003c   Code   RO         1438    i.SG_turn           steering_gear_1.o
    0x08004494   0x08004494   0x00000040   Code   RO         5879    i.SYSCFG_EXTILineConfig  stm32f4xx_syscfg.o
    0x080044d4   0x080044d4   0x000000ec   Code   RO            4    i.SetSysClock       system_stm32f4xx.o
    0x080045c0   0x080045c0   0x00000034   Code   RO         8115    i.SysTick_Handler   port.o
    0x080045f4   0x080045f4   0x00000068   Code   RO            6    i.SystemInit        system_stm32f4xx.o
    0x0800465c   0x0800465c   0x000001d8   Code   RO         1678    i.TIM6_DAC_IRQHandler  tim6.o
    0x08004834   0x08004834   0x0000006c   Code   RO         1679    i.TIM6_config       tim6.o
    0x080048a0   0x080048a0   0x000002f4   Code   RO         1496    i.TIM7_IRQHandler   tim7_1.o
    0x08004b94   0x08004b94   0x0000006c   Code   RO         1497    i.TIM7_config       tim7_1.o
    0x08004c00   0x08004c00   0x00000018   Code   RO         5940    i.TIM_ARRPreloadConfig  stm32f4xx_tim.o
    0x08004c18   0x08004c18   0x00000006   Code   RO         5947    i.TIM_ClearITPendingBit  stm32f4xx_tim.o
    0x08004c1e   0x08004c1e   0x00000018   Code   RO         5952    i.TIM_Cmd           stm32f4xx_tim.o
    0x08004c36   0x08004c36   0x0000001e   Code   RO         5954    i.TIM_CtrlPWMOutputs  stm32f4xx_tim.o
    0x08004c54   0x08004c54   0x00000022   Code   RO         5973    i.TIM_GetITStatus   stm32f4xx_tim.o
    0x08004c76   0x08004c76   0x00000012   Code   RO         5977    i.TIM_ITConfig      stm32f4xx_tim.o
    0x08004c88   0x08004c88   0x0000007c   Code   RO         5981    i.TIM_OC1Init       stm32f4xx_tim.o
    0x08004d04   0x08004d04   0x00000012   Code   RO         5984    i.TIM_OC1PreloadConfig  stm32f4xx_tim.o
    0x08004d16   0x08004d16   0x00000002   PAD
    0x08004d18   0x08004d18   0x000000a4   Code   RO         5986    i.TIM_OC2Init       stm32f4xx_tim.o
    0x08004dbc   0x08004dbc   0x0000001a   Code   RO         5989    i.TIM_OC2PreloadConfig  stm32f4xx_tim.o
    0x08004dd6   0x08004dd6   0x00000002   PAD
    0x08004dd8   0x08004dd8   0x000000a0   Code   RO         5991    i.TIM_OC3Init       stm32f4xx_tim.o
    0x08004e78   0x08004e78   0x00000012   Code   RO         5994    i.TIM_OC3PreloadConfig  stm32f4xx_tim.o
    0x08004e8a   0x08004e8a   0x00000002   PAD
    0x08004e8c   0x08004e8c   0x00000078   Code   RO         5996    i.TIM_OC4Init       stm32f4xx_tim.o
    0x08004f04   0x08004f04   0x00000004   Code   RO         6012    i.TIM_SetAutoreload  stm32f4xx_tim.o
    0x08004f08   0x08004f08   0x00000004   Code   RO         6014    i.TIM_SetCompare1   stm32f4xx_tim.o
    0x08004f0c   0x08004f0c   0x00000004   Code   RO         6015    i.TIM_SetCompare2   stm32f4xx_tim.o
    0x08004f10   0x08004f10   0x00000004   Code   RO         6016    i.TIM_SetCompare3   stm32f4xx_tim.o
    0x08004f14   0x08004f14   0x00000004   Code   RO         6017    i.TIM_SetCompare4   stm32f4xx_tim.o
    0x08004f18   0x08004f18   0x00000084   Code   RO         6024    i.TIM_TimeBaseInit  stm32f4xx_tim.o
    0x08004f9c   0x08004f9c   0x00000530   Code   RO          148    i.Task_ControlLogic  main.o
    0x080054cc   0x080054cc   0x0000058c   Code   RO          149    i.Task_Display      main.o
    0x08005a58   0x08005a58   0x000001b8   Code   RO          150    i.Task_Network      main.o
    0x08005c10   0x08005c10   0x0000009c   Code   RO          151    i.Task_SensorRead   main.o
    0x08005cac   0x08005cac   0x00000038   Code   RO          642    i.USART1_DMA_ENABLE  dma_1.o
    0x08005ce4   0x08005ce4   0x000000a0   Code   RO         1543    i.USART1_IRQHandler  usart_1.o
    0x08005d84   0x08005d84   0x000000c4   Code   RO         1544    i.USART1_config     usart_1.o
    0x08005e48   0x08005e48   0x00000020   Code   RO         1545    i.USART2_IRQHandler  usart_1.o
    0x08005e68   0x08005e68   0x00000054   Code   RO         6826    i.USART3_IRQHandler  esp8266.o
    0x08005ebc   0x08005ebc   0x000000bc   Code   RO         1547    i.USART3_config     usart_1.o
    0x08005f78   0x08005f78   0x0000001e   Code   RO         6503    i.USART_ClearITPendingBit  stm32f4xx_usart.o
    0x08005f96   0x08005f96   0x00000018   Code   RO         6506    i.USART_Cmd         stm32f4xx_usart.o
    0x08005fae   0x08005fae   0x0000001a   Code   RO         6509    i.USART_GetFlagStatus  stm32f4xx_usart.o
    0x08005fc8   0x08005fc8   0x00000054   Code   RO         6510    i.USART_GetITStatus  stm32f4xx_usart.o
    0x0800601c   0x0800601c   0x0000004a   Code   RO         6512    i.USART_ITConfig    stm32f4xx_usart.o
    0x08006066   0x08006066   0x00000002   PAD
    0x08006068   0x08006068   0x000000d4   Code   RO         6513    i.USART_Init        stm32f4xx_usart.o
    0x0800613c   0x0800613c   0x0000000a   Code   RO         6520    i.USART_ReceiveData  stm32f4xx_usart.o
    0x08006146   0x08006146   0x00000008   Code   RO         6523    i.USART_SendData    stm32f4xx_usart.o
    0x0800614e   0x0800614e   0x00000004   Code   RO         6765    i.UsageFault_Handler  stm32f4xx_it.o
    0x08006152   0x08006152   0x00000030   Code   RO         1548    i.Usart_SendArray   usart_1.o
    0x08006182   0x08006182   0x0000001e   Code   RO         1549    i.Usart_SendByte    usart_1.o
    0x080061a0   0x080061a0   0x0000002a   Code   RO         1552    i.Usart_SendString  usart_1.o
    0x080061ca   0x080061ca   0x00000002   PAD
    0x080061cc   0x080061cc   0x000000b8   Code   RO         1647    i.Water_config      water_1.o
    0x08006284   0x08006284   0x0000002c   Code   RO         1648    i.Water_ration      water_1.o
    0x080062b0   0x080062b0   0x00000020   Code   RO         8443    i.__0printf         mc_w.l(printfa.o)
    0x080062d0   0x080062d0   0x00000034   Code   RO         8444    i.__0snprintf       mc_w.l(printfa.o)
    0x08006304   0x08006304   0x00000028   Code   RO         8445    i.__0sprintf        mc_w.l(printfa.o)
    0x0800632c   0x0800632c   0x0000000e   Code   RO         8536    i.__scatterload_copy  mc_w.l(handlers.o)
    0x0800633a   0x0800633a   0x00000002   Code   RO         8537    i.__scatterload_null  mc_w.l(handlers.o)
    0x0800633c   0x0800633c   0x0000000e   Code   RO         8538    i.__scatterload_zeroinit  mc_w.l(handlers.o)
    0x0800634a   0x0800634a   0x00000002   PAD
    0x0800634c   0x0800634c   0x00000184   Code   RO         8450    i._fp_digits        mc_w.l(printfa.o)
    0x080064d0   0x080064d0   0x000006b4   Code   RO         8451    i._printf_core      mc_w.l(printfa.o)
    0x08006b84   0x08006b84   0x00000024   Code   RO         8452    i._printf_post_padding  mc_w.l(printfa.o)
    0x08006ba8   0x08006ba8   0x0000002e   Code   RO         8453    i._printf_pre_padding  mc_w.l(printfa.o)
    0x08006bd6   0x08006bd6   0x00000016   Code   RO         8454    i._snputc           mc_w.l(printfa.o)
    0x08006bec   0x08006bec   0x0000000a   Code   RO         8455    i._sputc            mc_w.l(printfa.o)
    0x08006bf6   0x08006bf6   0x00000018   Code   RO          515    i.delay_ms          delay.o
    0x08006c0e   0x08006c0e   0x00000034   Code   RO          517    i.delay_us          delay.o
    0x08006c42   0x08006c42   0x00000002   PAD
    0x08006c44   0x08006c44   0x00000024   Code   RO         1554    i.fputc             usart_1.o
    0x08006c68   0x08006c68   0x0000014c   Code   RO          152    i.main              main.o
    0x08006db4   0x08006db4   0x000000c0   Code   RO         7264    i.prvAddCurrentTaskToDelayedList  tasks.o
    0x08006e74   0x08006e74   0x000000ec   Code   RO         7265    i.prvAddNewTaskToReadyList  tasks.o
    0x08006f60   0x08006f60   0x00000064   Code   RO         7631    i.prvCheckForValidListAndQueue  timers.o
    0x08006fc4   0x08006fc4   0x00000048   Code   RO         7266    i.prvCheckTasksWaitingTermination  tasks.o
    0x0800700c   0x0800700c   0x0000002a   Code   RO         7034    i.prvCopyDataFromQueue  queue.o
    0x08007036   0x08007036   0x0000007e   Code   RO         7035    i.prvCopyDataToQueue  queue.o
    0x080070b4   0x080070b4   0x00000012   Code   RO         7267    i.prvDeleteTCB      tasks.o
    0x080070c6   0x080070c6   0x00000014   Code   RO         7036    i.prvGetDisinheritPriorityAfterTimeout  queue.o
    0x080070da   0x080070da   0x00000002   PAD
    0x080070dc   0x080070dc   0x00000028   Code   RO         7632    i.prvGetNextExpireTime  timers.o
    0x08007104   0x08007104   0x00000070   Code   RO         7799    i.prvHeapInit       heap_4.o
    0x08007174   0x08007174   0x00000028   Code   RO         7268    i.prvIdleTask       tasks.o
    0x0800719c   0x0800719c   0x0000001e   Code   RO         7037    i.prvInitialiseMutex  queue.o
    0x080071ba   0x080071ba   0x0000002a   Code   RO         7038    i.prvInitialiseNewQueue  queue.o
    0x080071e4   0x080071e4   0x000000cc   Code   RO         7269    i.prvInitialiseNewTask  tasks.o
    0x080072b0   0x080072b0   0x00000068   Code   RO         7270    i.prvInitialiseTaskLists  tasks.o
    0x08007318   0x08007318   0x00000068   Code   RO         7800    i.prvInsertBlockIntoFreeList  heap_4.o
    0x08007380   0x08007380   0x00000058   Code   RO         7634    i.prvInsertTimerInActiveList  timers.o
    0x080073d8   0x080073d8   0x0000001a   Code   RO         7039    i.prvIsQueueEmpty   queue.o
    0x080073f2   0x080073f2   0x0000001e   Code   RO         7040    i.prvIsQueueFull    queue.o
    0x08007410   0x08007410   0x00000044   Code   RO         7635    i.prvProcessExpiredTimer  timers.o
    0x08007454   0x08007454   0x0000011c   Code   RO         7636    i.prvProcessReceivedCommands  timers.o
    0x08007570   0x08007570   0x00000074   Code   RO         7637    i.prvProcessTimerOrBlockTask  timers.o
    0x080075e4   0x080075e4   0x00000028   Code   RO         7638    i.prvReloadTimer    timers.o
    0x0800760c   0x0800760c   0x00000030   Code   RO         7272    i.prvResetNextTaskUnblockTime  tasks.o
    0x0800763c   0x0800763c   0x0000002c   Code   RO         7639    i.prvSampleTimeNow  timers.o
    0x08007668   0x08007668   0x00000044   Code   RO         7640    i.prvSwitchTimerLists  timers.o
    0x080076ac   0x080076ac   0x00000040   Code   RO         8116    i.prvTaskExitError  port.o
    0x080076ec   0x080076ec   0x0000001a   Code   RO         7641    i.prvTimerTask      timers.o
    0x08007706   0x08007706   0x0000007e   Code   RO         7041    i.prvUnlockQueue    queue.o
    0x08007784   0x08007784   0x0000012c   Code   RO         7802    i.pvPortMalloc      heap_4.o
    0x080078b0   0x080078b0   0x00000020   Code   RO         7275    i.pvTaskIncrementMutexHeldCount  tasks.o
    0x080078d0   0x080078d0   0x0000002c   Code   RO         8117    i.pxPortInitialiseStack  port.o
    0x080078fc   0x080078fc   0x00000028   Code   RO         6981    i.uxListRemove      list.o
    0x08007924   0x08007924   0x0000001a   Code   RO         6982    i.vListInitialise   list.o
    0x0800793e   0x0800793e   0x00000006   Code   RO         6983    i.vListInitialiseItem  list.o
    0x08007944   0x08007944   0x00000034   Code   RO         6984    i.vListInsert       list.o
    0x08007978   0x08007978   0x00000054   Code   RO         8119    i.vPortEnterCritical  port.o
    0x080079cc   0x080079cc   0x0000003c   Code   RO         8120    i.vPortExitCritical  port.o
    0x08007a08   0x08007a08   0x0000008c   Code   RO         7803    i.vPortFree         heap_4.o
    0x08007a94   0x08007a94   0x00000028   Code   RO         8121    i.vPortSetupTimerInterrupt  port.o
    0x08007abc   0x08007abc   0x00000060   Code   RO         7047    i.vQueueAddToRegistry  queue.o
    0x08007b1c   0x08007b1c   0x0000004a   Code   RO         7051    i.vQueueWaitForMessageRestricted  queue.o
    0x08007b66   0x08007b66   0x00000002   PAD
    0x08007b68   0x08007b68   0x0000005c   Code   RO         7284    i.vTaskDelay        tasks.o
    0x08007bc4   0x08007bc4   0x00000018   Code   RO         7289    i.vTaskInternalSetTimeOutState  tasks.o
    0x08007bdc   0x08007bdc   0x0000000c   Code   RO         7290    i.vTaskMissedYield  tasks.o
    0x08007be8   0x08007be8   0x00000038   Code   RO         7291    i.vTaskPlaceOnEventList  tasks.o
    0x08007c20   0x08007c20   0x00000064   Code   RO         7292    i.vTaskPlaceOnEventListRestricted  tasks.o
    0x08007c84   0x08007c84   0x00000118   Code   RO         7294    i.vTaskPriorityDisinheritAfterTimeout  tasks.o
    0x08007d9c   0x08007d9c   0x0000009c   Code   RO         7300    i.vTaskStartScheduler  tasks.o
    0x08007e38   0x08007e38   0x00000010   Code   RO         7302    i.vTaskSuspendAll   tasks.o
    0x08007e48   0x08007e48   0x0000008c   Code   RO         7303    i.vTaskSwitchContext  tasks.o
    0x08007ed4   0x08007ed4   0x00000168   Code   RO         8123    i.xPortStartScheduler  port.o
    0x0800803c   0x0800803c   0x00000022   Code   RO         7053    i.xQueueCreateMutex  queue.o
    0x0800805e   0x0800805e   0x00000066   Code   RO         7054    i.xQueueGenericCreate  queue.o
    0x080080c4   0x080080c4   0x000000dc   Code   RO         7055    i.xQueueGenericReset  queue.o
    0x080081a0   0x080081a0   0x000001a8   Code   RO         7056    i.xQueueGenericSend  queue.o
    0x08008348   0x08008348   0x00000168   Code   RO         7064    i.xQueueReceive     queue.o
    0x080084b0   0x080084b0   0x00000194   Code   RO         7066    i.xQueueSemaphoreTake  queue.o
    0x08008644   0x08008644   0x00000090   Code   RO         7305    i.xTaskCheckForTimeOut  tasks.o
    0x080086d4   0x080086d4   0x00000068   Code   RO         7306    i.xTaskCreate       tasks.o
    0x0800873c   0x0800873c   0x000000d8   Code   RO         7307    i.xTaskDelayUntil   tasks.o
    0x08008814   0x08008814   0x00000020   Code   RO         7313    i.xTaskGetSchedulerState  tasks.o
    0x08008834   0x08008834   0x0000000c   Code   RO         7314    i.xTaskGetTickCount  tasks.o
    0x08008840   0x08008840   0x000001bc   Code   RO         7316    i.xTaskIncrementTick  tasks.o
    0x080089fc   0x080089fc   0x000000f0   Code   RO         7317    i.xTaskPriorityDisinherit  tasks.o
    0x08008aec   0x08008aec   0x000000ec   Code   RO         7318    i.xTaskPriorityInherit  tasks.o
    0x08008bd8   0x08008bd8   0x00000120   Code   RO         7319    i.xTaskRemoveFromEventList  tasks.o
    0x08008cf8   0x08008cf8   0x00000178   Code   RO         7320    i.xTaskResumeAll    tasks.o
    0x08008e70   0x08008e70   0x00000058   Code   RO         7649    i.xTimerCreateTimerTask  timers.o
    0x08008ec8   0x08008ec8   0x00000339   Data   RO         1197    .constdata          oled_1.o
    0x08009201   0x08009201   0x00000040   Data   RO         8532    .constdata          mc_w.l(ctype_c.o)
    0x08009241   0x08009241   0x00000003   PAD
    0x08009244   0x08009244   0x0000004c   Data   RO          154    .conststring        main.o
    0x08009290   0x08009290   0x00000054   Data   RO         6828    .conststring        esp8266.o
    0x080092e4   0x080092e4   0x0000018c   Data   RO         6922    .conststring        mqtt.o
    0x08009470   0x08009470   0x00000020   Data   RO         8534    Region$$Table       anon$$obj.o


    Execution Region RW_IRAM1 (Exec base: 0x20000000, Load base: 0x08009490, Size: 0x0000d888, Max: 0x00020000, ABSOLUTE, COMPRESSED[0x00000034])

    Exec Addr    Load Addr    Size         Type   Attr      Idx    E Section Name        Object

    0x20000000   COMPRESSED   0x00000014   Data   RW            7    .data               system_stm32f4xx.o
    0x20000014   COMPRESSED   0x0000003a   Data   RW          155    .data               main.o
    0x2000004e   COMPRESSED   0x00000002   PAD
    0x20000050   COMPRESSED   0x0000000d   Data   RW          565    .data               dht11.o
    0x2000005d   COMPRESSED   0x00000001   Data   RW          743    .data               exti_1.o
    0x2000005e   COMPRESSED   0x00000002   PAD
    0x20000060   COMPRESSED   0x00000004   Data   RW          848    .data               iic_1.o
    0x20000064   COMPRESSED   0x00000009   Data   RW         1126    .data               mq2_1.o
    0x2000006d   COMPRESSED   0x00000001   Data   RW         1198    .data               oled_1.o
    0x2000006e   COMPRESSED   0x00000002   PAD
    0x20000070   COMPRESSED   0x0000000d   Data   RW         1369    .data               rtc_1.o
    0x2000007d   COMPRESSED   0x00000001   PAD
    0x2000007e   COMPRESSED   0x00000002   Data   RW         1439    .data               steering_gear_1.o
    0x20000080   COMPRESSED   0x0000001e   Data   RW         1499    .data               tim7_1.o
    0x2000009e   COMPRESSED   0x00000008   Data   RW         1556    .data               usart_1.o
    0x200000a6   COMPRESSED   0x00000003   Data   RW         1680    .data               tim6.o
    0x200000a9   COMPRESSED   0x00000010   Data   RW         4609    .data               stm32f4xx_rcc.o
    0x200000b9   COMPRESSED   0x00000001   PAD
    0x200000ba   COMPRESSED   0x00000005   Data   RW         6829    .data               esp8266.o
    0x200000bf   COMPRESSED   0x00000001   PAD
    0x200000c0   COMPRESSED   0x00000004   Data   RW         6923    .data               mqtt.o
    0x200000c4   COMPRESSED   0x00000040   Data   RW         7323    .data               tasks.o
    0x20000104   COMPRESSED   0x00000014   Data   RW         7657    .data               timers.o
    0x20000118   COMPRESSED   0x0000001c   Data   RW         7809    .data               heap_4.o
    0x20000134   COMPRESSED   0x0000000c   Data   RW         8124    .data               port.o
    0x20000140   COMPRESSED   0x00000004   Data   RW         8495    .data               mc_w.l(stdout.o)
    0x20000144        -       0x00000400   Zero   RW         1196    .bss                oled_1.o
    0x20000544        -       0x00000014   Zero   RW         1368    .bss                rtc_1.o
    0x20000558        -       0x00000200   Zero   RW         1555    .bss                usart_1.o
    0x20000758        -       0x00000200   Zero   RW         6827    .bss                esp8266.o
    0x20000958        -       0x00000200   Zero   RW         6921    .bss                mqtt.o
    0x20000b58        -       0x00000040   Zero   RW         7068    .bss                queue.o
    0x20000b98        -       0x000000c8   Zero   RW         7322    .bss                tasks.o
    0x20000c60        -       0x00000028   Zero   RW         7656    .bss                timers.o
    0x20000c88        -       0x0000c800   Zero   RW         7808    .bss                heap_4.o
    0x2000d488        -       0x00000400   Zero   RW          335    STACK               startup_stm32f40xx.o


==============================================================================

Image component sizes


      Code (inc. data)   RO Data    RW Data    ZI Data      Debug   Object Name

       236         10          0          0          0       1290   beep.o
        76          0          0          0          0       1022   delay.o
       722         52          0         13          0       5687   dht11.o
        96         14          0          0          0       1050   dma_1.o
       782        102          0          0          0       4823   eeprom_1.o
      1858        696         84          5        512      23405   esp8266.o
       416         26          0          1          0       2895   exti_1.o
       264         16          0          0          0       1633   fan_1.o
       656         58          0         28      51200       5155   heap_4.o
       732         54          0          4          0       4562   iic_1.o
       470         44          0          0          0       3291   ir_1.o
        52          4          0          0          0        497   key.o
       124          0          0          0          0       5369   list.o
      3676       1096         76         58          0      27298   main.o
       140         24          0          0          0       1823   misc.o
       598         52          0          9          0       3772   mq2_1.o
      1436        334        396          4        512       4444   mqtt.o
      1126        252        825          1       1024       8540   oled_1.o
       894         78          0         12          0      10608   port.o
      2156         26          0          0         64      30477   queue.o
       264         14          0          0          0       1292   rgb_1.o
       810        132          0         13         20       5120   rtc_1.o
        36          8        392          0       1024        916   startup_stm32f40xx.o
       244         20          0          2          0       1494   steering_gear_1.o
       326         10          0          0          0       5437   stm32f4xx_adc.o
       250         46          0          0          0       5420   stm32f4xx_dma.o
       184         16          0          0          0       2424   stm32f4xx_exti.o
       242          0          0          0          0       3943   stm32f4xx_gpio.o
        20          0          0          0          0       2733   stm32f4xx_it.o
        12          6          0          0          0        578   stm32f4xx_pwr.o
       508         60          0         16          0       7546   stm32f4xx_rcc.o
      1746        110          0          0          0      15536   stm32f4xx_rtc.o
        64          4          0          0          0        696   stm32f4xx_syscfg.o
       918         66          0          0          0      13387   stm32f4xx_tim.o
       468          8          0          0          0       6679   stm32f4xx_usart.o
       340         32          0         20          0     338173   system_stm32f4xx.o
      3914        402          0         64        200      31587   tasks.o
       684         98          0          3          0       2601   tim6.o
       864         98          0         30          0       2514   tim7_1.o
       962        110          0         20         40      23292   timers.o
       732         64          0          8        512       7148   usart_1.o
       228         14          0          0          0       1198   water_1.o

    ----------------------------------------------------------------------
     30376       4256       1805        320      55108     627355   Object Totals
         0          0         32          0          0          0   (incl. Generated)
        50          0          0          9          0          0   (incl. Padding)

    ----------------------------------------------------------------------

      Code (inc. data)   RO Data    RW Data    ZI Data      Debug   Library Member Name

        56          8          0          0          0         84   __0sscanf.o
        86          0          0          0          0          0   __dczerorl2.o
        28          0          0          0          0         68   _chval.o
       816          6          0          0          0        112   _scanf.o
       332          0          0          0          0         96   _scanf_int.o
       224          0          0          0          0         96   _scanf_str.o
        64          0          0          0          0         84   _sgetc.o
        40          6         64          0          0         68   ctype_c.o
         0          0          0          0          0          0   entry.o
         0          0          0          0          0          0   entry10a.o
         0          0          0          0          0          0   entry11a.o
         4          0          0          0          0          0   entry12b.o
         8          4          0          0          0          0   entry2.o
         4          0          0          0          0          0   entry5.o
         0          0          0          0          0          0   entry7b.o
         0          0          0          0          0          0   entry8b.o
         8          4          0          0          0          0   entry9a.o
        30          0          0          0          0          0   handlers.o
        36          8          0          0          0         68   init.o
        10          0          0          0          0         68   isspace_c.o
         0          0          0          0          0          0   iusefp.o
        30          0          0          0          0         68   llshl.o
        36          0          0          0          0         68   llsshr.o
        32          0          0          0          0         68   llushr.o
        36          0          0          0          0         68   memcpya.o
        36          0          0          0          0        108   memseta.o
      2342        100          0          0          0        772   printfa.o
       156          0          0          0          0         88   qsort.o
        40          8          0          0          0         84   scanf_char.o
         0          0          0          4          0          0   stdout.o
        28          0          0          0          0         76   strcmp.o
        14          0          0          0          0         68   strlen.o
        36          0          0          0          0         80   strstr.o
        44          0          0          0          0         80   uidiv.o
        98          0          0          0          0         92   uldiv.o
        48          0          0          0          0         68   cdrcmple.o
       334          0          0          0          0        148   dadd.o
       222          0          0          0          0        100   ddiv.o
       186          0          0          0          0        176   depilogue.o
        48          0          0          0          0         68   dfixul.o
       228          0          0          0          0         96   dmul.o
        38          0          0          0          0         68   f2d.o

    ----------------------------------------------------------------------
      5784        144         67          4          0       3188   Library Totals
         6          0          3          0          0          0   (incl. Padding)

    ----------------------------------------------------------------------

      Code (inc. data)   RO Data    RW Data    ZI Data      Debug   Library Name

      4674        144         64          4          0       2464   mc_w.l
      1104          0          0          0          0        724   mf_w.l

    ----------------------------------------------------------------------
      5784        144         67          4          0       3188   Library Totals

    ----------------------------------------------------------------------

==============================================================================


      Code (inc. data)   RO Data    RW Data    ZI Data      Debug   

     36160       4400       1872        324      55108     603159   Grand Totals
     36160       4400       1872         52      55108     603159   ELF Image Totals (compressed)
     36160       4400       1872         52          0          0   ROM Totals

==============================================================================

    Total RO  Size (Code + RO Data)                38032 (  37.14kB)
    Total RW  Size (RW Data + ZI Data)             55432 (  54.13kB)
    Total ROM Size (Code + RO Data + RW Data)      38084 (  37.19kB)

==============================================================================

