<html>
<body>
<pre>
<h1>µVision Build Log</h1>
<h2>Tool Versions:</h2>
IDE-Version: ¦ÌVision V5.43.1.0
Copyright (C) 2025 ARM Ltd and ARM Germany GmbH. All rights reserved.
License Information: monaizi jifengdaxunlin
mixuebincheng
User-based license: Keil MDK Community (non-commercial free of charge)
Valid until: Jun 1 2033. Cached until: Sep 1 2026
 
Tool Versions:
Toolchain:       Keil MDK Community (non-commercial free of charge  Version: 5.43.0.0
Toolchain Path:  D:\application\KEIL application1\keil\ARM\ARM_Compiler_5.06u7\Bin
C Compiler:      Armcc.exe V5.06 update 7 (build 960)
Assembler:       Armasm.exe V5.06 update 7 (build 960)
Linker/Locator:  ArmLink.exe V5.06 update 7 (build 960)
Library Manager: ArmAr.exe V5.06 update 7 (build 960)
Hex Converter:   FromElf.exe V5.06 update 7 (build 960)
CPU DLL:         SARMCM3.DLL V5.43.0.0
Dialog DLL:      DCM.DLL V1.17.5.0
Target DLL:      STLink\ST-LINKIII-KEIL_SWO.dll V3.3.1.0
Dialog DLL:      TCM.DLL V1.56.6.0
 
<h2>Project:</h2>
D:\code\STM32\keil_project\prg\project\fire_theif_proof.uvprojx
Project File Date:  08/25/2026

<h2>Output:</h2>
*** Warning: The configured compiler version '5.06 update 7 (build 960)' does not support the selected User Based Licensing technology.
*** Using Compiler 'V5.06 update 7 (build 960)', folder: 'D:\application\KEIL application1\keil\ARM\ARM_Compiler_5.06u7\Bin'
Rebuild target 'F407VE'
Note: source file '..\board\DMA\DMA.c' - object file renamed from '.\Objects\DMA.o' to '.\Objects\dma_1.o'.
Note: source file '..\board\EEPROM\EEPROM.c' - object file renamed from '.\Objects\EEPROM.o' to '.\Objects\eeprom_1.o'.
Note: source file '..\board\EXIT\EXTI.c' - object file renamed from '.\Objects\EXTI.o' to '.\Objects\exti_1.o'.
Note: source file '..\board\FAN\FAN.c' - object file renamed from '.\Objects\FAN.o' to '.\Objects\fan_1.o'.
Note: source file '..\board\IIC\IIC.c' - object file renamed from '.\Objects\IIC.o' to '.\Objects\iic_1.o'.
Note: source file '..\board\IR\IR.c' - object file renamed from '.\Objects\IR.o' to '.\Objects\ir_1.o'.
Note: source file '..\board\IWDG\IWDG.c' - object file renamed from '.\Objects\IWDG.o' to '.\Objects\iwdg_1.o'.
Note: source file '..\board\LED\LED.c' - object file renamed from '.\Objects\LED.o' to '.\Objects\led_1.o'.
Note: source file '..\board\light_adc\light_adc.c' - object file renamed from '.\Objects\light_adc.o' to '.\Objects\light_adc_1.o'.
Note: source file '..\board\MQ-2\MQ2.c' - object file renamed from '.\Objects\MQ2.o' to '.\Objects\mq2_1.o'.
Note: source file '..\board\OLED\OLED.c' - object file renamed from '.\Objects\OLED.o' to '.\Objects\oled_1.o'.
Note: source file '..\board\PIR\PIR.c' - object file renamed from '.\Objects\PIR.o' to '.\Objects\pir_1.o'.
Note: source file '..\board\RGB\RGB.c' - object file renamed from '.\Objects\RGB.o' to '.\Objects\rgb_1.o'.
Note: source file '..\board\RTC\RTC.c' - object file renamed from '.\Objects\RTC.o' to '.\Objects\rtc_1.o'.
Note: source file '..\board\Steering_Gear\Steering_Gear.c' - object file renamed from '.\Objects\Steering_Gear.o' to '.\Objects\steering_gear_1.o'.
Note: source file '..\board\STIM1\STIM1.c' - object file renamed from '.\Objects\STIM1.o' to '.\Objects\stim1_1.o'.
Note: source file '..\board\TIM7\TIM7.c' - object file renamed from '.\Objects\TIM7.o' to '.\Objects\tim7_1.o'.
Note: source file '..\board\USART\USART.c' - object file renamed from '.\Objects\USART.o' to '.\Objects\usart_1.o'.
Note: source file '..\board\Water\Water.c' - object file renamed from '.\Objects\Water.o' to '.\Objects\water_1.o'.
assembling startup_stm32f40xx.s...
compiling board.c...
..\board\board.c(87): warning:  #177-D: function "delay_ms"  was declared but never referenced
  static void delay_ms(uint32_t _ms) { delay_us(_ms * 1000); }
..\board\board.c: 1 warning, 0 errors
compiling BEEP.c...
compiling system_stm32f4xx.c...
compiling DELAY.c...
compiling ADC.c...
compiling DHT11.c...
compiling DMA.c...
compiling main.c...
compiling EXTI.c...
compiling EEPROM.c...
compiling FAN.c...
compiling IR.c...
compiling IIC.c...
compiling IWDG.c...
compiling LED.c...
compiling light_adc.c...
compiling MQ2.c...
compiling OLED.c...
compiling PIR.c...
compiling RGB.c...
compiling STIM1.c...
compiling Steering_Gear.c...
compiling RTC.c...
compiling TIM7.c...
compiling USART.c...
compiling Water.c...
compiling TIM6.c...
compiling KEY.c...
compiling misc.c...
compiling stm32f4xx_adc.c...
compiling stm32f4xx_cec.c...
compiling stm32f4xx_can.c...
compiling stm32f4xx_crc.c...
compiling stm32f4xx_cryp.c...
compiling stm32f4xx_cryp_aes.c...
compiling stm32f4xx_dac.c...
compiling stm32f4xx_cryp_des.c...
compiling stm32f4xx_cryp_tdes.c...
compiling stm32f4xx_dbgmcu.c...
compiling stm32f4xx_dcmi.c...
compiling stm32f4xx_dfsdm.c...
compiling stm32f4xx_dma.c...
compiling stm32f4xx_dma2d.c...
compiling stm32f4xx_dsi.c...
compiling stm32f4xx_exti.c...
compiling stm32f4xx_flash.c...
compiling stm32f4xx_flash_ramfunc.c...
compiling stm32f4xx_fmpi2c.c...
compiling stm32f4xx_fsmc.c...
compiling stm32f4xx_gpio.c...
compiling stm32f4xx_hash.c...
compiling stm32f4xx_hash_md5.c...
compiling stm32f4xx_hash_sha1.c...
compiling stm32f4xx_i2c.c...
compiling stm32f4xx_iwdg.c...
compiling stm32f4xx_lptim.c...
compiling stm32f4xx_ltdc.c...
compiling stm32f4xx_pwr.c...
compiling stm32f4xx_qspi.c...
compiling stm32f4xx_rng.c...
compiling stm32f4xx_rcc.c...
compiling stm32f4xx_sai.c...
compiling stm32f4xx_rtc.c...
compiling stm32f4xx_sdio.c...
compiling stm32f4xx_spdifrx.c...
compiling stm32f4xx_spi.c...
compiling stm32f4xx_syscfg.c...
compiling list.c...
compiling stm32f4xx_usart.c...
compiling queue.c...
compiling stm32f4xx_tim.c...
compiling stm32f4xx_it.c...
compiling stm32f4xx_wwdg.c...
compiling tasks.c...
compiling heap_4.c...
compiling timers.c...
compiling croutine.c...
compiling esp8266.c...
compiling mqtt.c...
compiling event_groups.c...
compiling stream_buffer.c...
compiling port.c...
linking...
Program Size: Code=36160 RO-data=1872 RW-data=324 ZI-data=55108  
FromELF: creating hex file...
".\Objects\fire_theif_proof.axf" - 0 Error(s), 1 Warning(s).

<h2>Software Packages used:</h2>

Package Vendor: Keil
                https://www.keil.com/pack/Keil.STM32F4xx_DFP.2.17.1.pack
                Keil::STM32F4xx_DFP@2.17.1
                STMicroelectronics STM32F4 Series Device Support, Drivers and Examples

<h2>Collection of Component include folders:</h2>
  D:/application/KEIL application1/keil_v5/Keil/STM32F4xx_DFP/2.17.1/Drivers/CMSIS/Device/ST/STM32F4xx/Include

<h2>Collection of Component Files used:</h2>
Build Time Elapsed:  00:00:08
</pre>
</body>
</html>
